Flow report for bbtronenhanced
Tue Jun 13 19:46:08 2017
Quartus Prime Version 16.1.0 Build 196 10/24/2016 SJ Lite Edition


---------------------
; Table of Contents ;
---------------------
  1. Legal Notice
  2. Flow Summary
  3. Flow Settings
  4. Flow Non-Default Global Settings
  5. Flow Elapsed Time
  6. Flow OS Summary
  7. Flow Log
  8. Flow Messages
  9. Flow Suppressed Messages



----------------
; Legal Notice ;
----------------
Copyright (C) 2016  Intel Corporation. All rights reserved.
Your use of Intel Corporation's design tools, logic functions 
and other software and tools, and its AMPP partner logic 
functions, and any output files from any of the foregoing 
(including device programming or simulation files), and any 
associated documentation or information are expressly subject 
to the terms and conditions of the Intel Program License 
Subscription Agreement, the Intel Quartus Prime License Agreement,
the Intel MegaCore Function License Agreement, or other 
applicable license agreement, including, without limitation, 
that your use is for the sole purpose of programming logic 
devices manufactured by Intel and sold by Intel or its 
authorized distributors.  Please refer to the applicable 
agreement for further details.



+----------------------------------------------------------------------------------+
; Flow Summary                                                                     ;
+------------------------------------+---------------------------------------------+
; Flow Status                        ; Successful - Tue Jun 13 19:46:08 2017       ;
; Quartus Prime Version              ; 16.1.0 Build 196 10/24/2016 SJ Lite Edition ;
; Revision Name                      ; bbtronenhanced                              ;
; Top-level Entity Name              ; dataMemory                                  ;
; Family                             ; Cyclone IV E                                ;
; Total logic elements               ; 64 / 6,272 ( 1 % )                          ;
;     Total combinational functions  ; 49 / 6,272 ( < 1 % )                        ;
;     Dedicated logic registers      ; 63 / 6,272 ( 1 % )                          ;
; Total registers                    ; 63                                          ;
; Total pins                         ; 77 / 180 ( 43 % )                           ;
; Total virtual pins                 ; 0                                           ;
; Total memory bits                  ; 32,768 / 276,480 ( 12 % )                   ;
; Embedded Multiplier 9-bit elements ; 0 / 30 ( 0 % )                              ;
; Total PLLs                         ; 0 / 2 ( 0 % )                               ;
; Device                             ; EP4CE6F17C6                                 ;
; Timing Models                      ; Final                                       ;
+------------------------------------+---------------------------------------------+


+-----------------------------------------+
; Flow Settings                           ;
+-------------------+---------------------+
; Option            ; Setting             ;
+-------------------+---------------------+
; Start date & time ; 06/13/2017 19:40:30 ;
; Main task         ; Compilation         ;
; Revision Name     ; bbtronenhanced      ;
+-------------------+---------------------+


+--------------------------------------------------------------------------------------------------------------------------+
; Flow Non-Default Global Settings                                                                                         ;
+-------------------------------------+----------------------------------------+----------------+-------------+------------+
; Assignment Name                     ; Value                                  ; Default Value  ; Entity Name ; Section Id ;
+-------------------------------------+----------------------------------------+----------------+-------------+------------+
; COMPILER_SIGNATURE_ID               ; 246744092476722.149739363003016        ; --             ; --          ; --         ;
; PARTITION_COLOR                     ; -- (Not supported for targeted family) ; --             ; dataMemory  ; Top        ;
; PARTITION_FITTER_PRESERVATION_LEVEL ; -- (Not supported for targeted family) ; --             ; dataMemory  ; Top        ;
; PARTITION_NETLIST_TYPE              ; -- (Not supported for targeted family) ; --             ; dataMemory  ; Top        ;
; PROJECT_OUTPUT_DIRECTORY            ; output_files                           ; --             ; --          ; --         ;
; TOP_LEVEL_ENTITY                    ; dataMemory                             ; bbtronenhanced ; --          ; --         ;
+-------------------------------------+----------------------------------------+----------------+-------------+------------+


+-------------------------------------------------------------------------------------------------------------------------------+
; Flow Elapsed Time                                                                                                             ;
+---------------------------+--------------+-------------------------+---------------------+------------------------------------+
; Module Name               ; Elapsed Time ; Average Processors Used ; Peak Virtual Memory ; Total CPU Time (on all processors) ;
+---------------------------+--------------+-------------------------+---------------------+------------------------------------+
; Analysis & Synthesis      ; 00:00:15     ; 1.0                     ; 638 MB              ; 00:00:27                           ;
; Fitter                    ; 00:00:08     ; 1.0                     ; 1288 MB             ; 00:00:07                           ;
; Assembler                 ; 00:00:01     ; 1.0                     ; 546 MB              ; 00:00:01                           ;
; TimeQuest Timing Analyzer ; 00:00:02     ; 1.0                     ; 629 MB              ; 00:00:02                           ;
; EDA Netlist Writer        ; 00:00:01     ; 1.0                     ; 496 MB              ; 00:00:01                           ;
; EDA Netlist Writer        ; 00:00:01     ; 1.0                     ; 505 MB              ; 00:00:01                           ;
; EDA Netlist Writer        ; 00:00:00     ; 1.0                     ; 496 MB              ; 00:00:01                           ;
; EDA Netlist Writer        ; 00:00:00     ; 1.0                     ; 505 MB              ; 00:00:01                           ;
; EDA Netlist Writer        ; 00:00:01     ; 1.0                     ; 496 MB              ; 00:00:01                           ;
; EDA Netlist Writer        ; 00:00:01     ; 1.0                     ; 505 MB              ; 00:00:01                           ;
; Total                     ; 00:00:30     ; --                      ; --                  ; 00:00:43                           ;
+---------------------------+--------------+-------------------------+---------------------+------------------------------------+


+-----------------------------------------------------------------------------------------+
; Flow OS Summary                                                                         ;
+---------------------------+------------------+------------+------------+----------------+
; Module Name               ; Machine Hostname ; OS Name    ; OS Version ; Processor type ;
+---------------------------+------------------+------------+------------+----------------+
; Analysis & Synthesis      ; Sergio-PC        ; Windows 10 ; 10.0       ; x86_64         ;
; Fitter                    ; Sergio-PC        ; Windows 10 ; 10.0       ; x86_64         ;
; Assembler                 ; Sergio-PC        ; Windows 10 ; 10.0       ; x86_64         ;
; TimeQuest Timing Analyzer ; Sergio-PC        ; Windows 10 ; 10.0       ; x86_64         ;
; EDA Netlist Writer        ; Sergio-PC        ; Windows 10 ; 10.0       ; x86_64         ;
; EDA Netlist Writer        ; Sergio-PC        ; Windows 10 ; 10.0       ; x86_64         ;
; EDA Netlist Writer        ; Sergio-PC        ; Windows 10 ; 10.0       ; x86_64         ;
; EDA Netlist Writer        ; Sergio-PC        ; Windows 10 ; 10.0       ; x86_64         ;
; EDA Netlist Writer        ; Sergio-PC        ; Windows 10 ; 10.0       ; x86_64         ;
; EDA Netlist Writer        ; Sergio-PC        ; Windows 10 ; 10.0       ; x86_64         ;
+---------------------------+------------------+------------+------------+----------------+


------------
; Flow Log ;
------------
quartus_map --read_settings_files=on --write_settings_files=off bbtronenhanced -c bbtronenhanced
quartus_fit --read_settings_files=off --write_settings_files=off bbtronenhanced -c bbtronenhanced
quartus_asm --read_settings_files=off --write_settings_files=off bbtronenhanced -c bbtronenhanced
quartus_sta bbtronenhanced -c bbtronenhanced
quartus_eda --gen_testbench --tool=modelsim_oem --format=verilog --write_settings_files=off bbtronenhanced -c bbtronenhanced --vector_source=e:/Users/Sergio/Documents/GitHub/bbtron_enhanced/Projeto/Waveform13.vwf --testbench_file=e:/Users/Sergio/Documents/GitHub/bbtron_enhanced/Projeto/simulation/qsim/Waveform13.vwf.vt
quartus_eda --write_settings_files=off --simulation=on --functional=on --flatten_buses=off --tool=modelsim_oem --format=verilog --output_directory=e:/Users/Sergio/Documents/GitHub/bbtron_enhanced/Projeto/simulation/qsim/ bbtronenhanced -c bbtronenhanced
quartus_eda --gen_testbench --tool=modelsim_oem --format=verilog --write_settings_files=off bbtronenhanced -c bbtronenhanced --vector_source=e:/Users/Sergio/Documents/GitHub/bbtron_enhanced/Projeto/Waveform13.vwf --testbench_file=e:/Users/Sergio/Documents/GitHub/bbtron_enhanced/Projeto/simulation/qsim/Waveform13.vwf.vt
quartus_eda --write_settings_files=off --simulation=on --functional=on --flatten_buses=off --tool=modelsim_oem --format=verilog --output_directory=e:/Users/Sergio/Documents/GitHub/bbtron_enhanced/Projeto/simulation/qsim/ bbtronenhanced -c bbtronenhanced
quartus_eda --gen_testbench --tool=modelsim_oem --format=verilog --write_settings_files=off bbtronenhanced -c bbtronenhanced --vector_source=e:/Users/Sergio/Documents/GitHub/bbtron_enhanced/Projeto/Waveform14.vwf --testbench_file=e:/Users/Sergio/Documents/GitHub/bbtron_enhanced/Projeto/simulation/qsim/Waveform14.vwf.vt
quartus_eda --write_settings_files=off --simulation=on --functional=on --flatten_buses=off --tool=modelsim_oem --format=verilog --output_directory=e:/Users/Sergio/Documents/GitHub/bbtron_enhanced/Projeto/simulation/qsim/ bbtronenhanced -c bbtronenhanced



