------------------------------------------------------------
TimeQuest Timing Analyzer Summary
------------------------------------------------------------

Type  : Slow 1200mV 85C Model Setup 'deBouncer:inst_deBouncer|DB_out'
Slack : -137.908
TNS   : -32970.893

Type  : Slow 1200mV 85C Model Setup 'auto_clock'
Slack : -2.170
TNS   : -14.552

Type  : Slow 1200mV 85C Model Hold 'deBouncer:inst_deBouncer|DB_out'
Slack : 0.382
TNS   : 0.000

Type  : Slow 1200mV 85C Model Hold 'auto_clock'
Slack : 0.450
TNS   : 0.000

Type  : Slow 1200mV 85C Model Minimum Pulse Width 'auto_clock'
Slack : -3.000
TNS   : -20.990

Type  : Slow 1200mV 85C Model Minimum Pulse Width 'deBouncer:inst_deBouncer|DB_out'
Slack : -2.693
TNS   : -366.717

Type  : Slow 1200mV 0C Model Setup 'deBouncer:inst_deBouncer|DB_out'
Slack : -124.700
TNS   : -29800.386

Type  : Slow 1200mV 0C Model Setup 'auto_clock'
Slack : -1.959
TNS   : -12.015

Type  : Slow 1200mV 0C Model Hold 'deBouncer:inst_deBouncer|DB_out'
Slack : 0.343
TNS   : 0.000

Type  : Slow 1200mV 0C Model Hold 'auto_clock'
Slack : 0.408
TNS   : 0.000

Type  : Slow 1200mV 0C Model Minimum Pulse Width 'auto_clock'
Slack : -3.000
TNS   : -20.990

Type  : Slow 1200mV 0C Model Minimum Pulse Width 'deBouncer:inst_deBouncer|DB_out'
Slack : -2.649
TNS   : -366.541

Type  : Fast 1200mV 0C Model Setup 'deBouncer:inst_deBouncer|DB_out'
Slack : -67.959
TNS   : -16205.804

Type  : Fast 1200mV 0C Model Setup 'auto_clock'
Slack : -0.680
TNS   : -1.090

Type  : Fast 1200mV 0C Model Hold 'deBouncer:inst_deBouncer|DB_out'
Slack : 0.161
TNS   : 0.000

Type  : Fast 1200mV 0C Model Hold 'auto_clock'
Slack : 0.204
TNS   : 0.000

Type  : Fast 1200mV 0C Model Minimum Pulse Width 'auto_clock'
Slack : -3.000
TNS   : -17.867

Type  : Fast 1200mV 0C Model Minimum Pulse Width 'deBouncer:inst_deBouncer|DB_out'
Slack : -1.000
TNS   : -281.000

------------------------------------------------------------
