TimeQuest Timing Analyzer report for bbtronenhanced
Tue Jun 06 23:37:47 2017
Quartus Prime Version 16.1.0 Build 196 10/24/2016 SJ Lite Edition


---------------------
; Table of Contents ;
---------------------
  1. Legal Notice
  2. TimeQuest Timing Analyzer Summary
  3. Parallel Compilation
  4. Clocks
  5. Slow 1200mV 85C Model Fmax Summary
  6. Timing Closure Recommendations
  7. Slow 1200mV 85C Model Setup Summary
  8. Slow 1200mV 85C Model Hold Summary
  9. Slow 1200mV 85C Model Recovery Summary
 10. Slow 1200mV 85C Model Removal Summary
 11. Slow 1200mV 85C Model Minimum Pulse Width Summary
 12. Slow 1200mV 85C Model Setup: 'opcode[1]'
 13. Slow 1200mV 85C Model Hold: 'opcode[1]'
 14. Slow 1200mV 85C Model Metastability Summary
 15. Slow 1200mV 0C Model Fmax Summary
 16. Slow 1200mV 0C Model Setup Summary
 17. Slow 1200mV 0C Model Hold Summary
 18. Slow 1200mV 0C Model Recovery Summary
 19. Slow 1200mV 0C Model Removal Summary
 20. Slow 1200mV 0C Model Minimum Pulse Width Summary
 21. Slow 1200mV 0C Model Setup: 'opcode[1]'
 22. Slow 1200mV 0C Model Hold: 'opcode[1]'
 23. Slow 1200mV 0C Model Metastability Summary
 24. Fast 1200mV 0C Model Setup Summary
 25. Fast 1200mV 0C Model Hold Summary
 26. Fast 1200mV 0C Model Recovery Summary
 27. Fast 1200mV 0C Model Removal Summary
 28. Fast 1200mV 0C Model Minimum Pulse Width Summary
 29. Fast 1200mV 0C Model Setup: 'opcode[1]'
 30. Fast 1200mV 0C Model Hold: 'opcode[1]'
 31. Fast 1200mV 0C Model Metastability Summary
 32. Multicorner Timing Analysis Summary
 33. Board Trace Model Assignments
 34. Input Transition Times
 35. Signal Integrity Metrics (Slow 1200mv 0c Model)
 36. Signal Integrity Metrics (Slow 1200mv 85c Model)
 37. Signal Integrity Metrics (Fast 1200mv 0c Model)
 38. Setup Transfers
 39. Hold Transfers
 40. Report TCCS
 41. Report RSKM
 42. Unconstrained Paths Summary
 43. Clock Status Summary
 44. Unconstrained Input Ports
 45. Unconstrained Output Ports
 46. Unconstrained Input Ports
 47. Unconstrained Output Ports
 48. TimeQuest Timing Analyzer Messages



----------------
; Legal Notice ;
----------------
Copyright (C) 2016  Intel Corporation. All rights reserved.
Your use of Intel Corporation's design tools, logic functions 
and other software and tools, and its AMPP partner logic 
functions, and any output files from any of the foregoing 
(including device programming or simulation files), and any 
associated documentation or information are expressly subject 
to the terms and conditions of the Intel Program License 
Subscription Agreement, the Intel Quartus Prime License Agreement,
the Intel MegaCore Function License Agreement, or other 
applicable license agreement, including, without limitation, 
that your use is for the sole purpose of programming logic 
devices manufactured by Intel and sold by Intel or its 
authorized distributors.  Please refer to the applicable 
agreement for further details.



+-----------------------------------------------------------------------------+
; TimeQuest Timing Analyzer Summary                                           ;
+-----------------------+-----------------------------------------------------+
; Quartus Prime Version ; Version 16.1.0 Build 196 10/24/2016 SJ Lite Edition ;
; Timing Analyzer       ; TimeQuest                                           ;
; Revision Name         ; bbtronenhanced                                      ;
; Device Family         ; Cyclone IV E                                        ;
; Device Name           ; EP4CE6E22C6                                         ;
; Timing Models         ; Final                                               ;
; Delay Model           ; Combined                                            ;
; Rise/Fall Delays      ; Enabled                                             ;
+-----------------------+-----------------------------------------------------+


+------------------------------------------+
; Parallel Compilation                     ;
+----------------------------+-------------+
; Processors                 ; Number      ;
+----------------------------+-------------+
; Number detected on machine ; 8           ;
; Maximum allowed            ; 4           ;
;                            ;             ;
; Average used               ; 1.01        ;
; Maximum used               ; 4           ;
;                            ;             ;
; Usage by Processor         ; % Time Used ;
;     Processor 1            ; 100.0%      ;
;     Processors 2-4         ;   0.3%      ;
+----------------------------+-------------+


+---------------------------------------------------------------------------------------------------------------------------------------------------------------------------------------+
; Clocks                                                                                                                                                                                ;
+------------+------+--------+------------+-------+-------+------------+-----------+-------------+-------+--------+-----------+------------+----------+--------+--------+---------------+
; Clock Name ; Type ; Period ; Frequency  ; Rise  ; Fall  ; Duty Cycle ; Divide by ; Multiply by ; Phase ; Offset ; Edge List ; Edge Shift ; Inverted ; Master ; Source ; Targets       ;
+------------+------+--------+------------+-------+-------+------------+-----------+-------------+-------+--------+-----------+------------+----------+--------+--------+---------------+
; opcode[1]  ; Base ; 1.000  ; 1000.0 MHz ; 0.000 ; 0.500 ;            ;           ;             ;       ;        ;           ;            ;          ;        ;        ; { opcode[1] } ;
+------------+------+--------+------------+-------+-------+------------+-----------+-------------+-------+--------+-----------+------------+----------+--------+--------+---------------+


+-----------------------------------------------------------------------------------------------------------+
; Slow 1200mV 85C Model Fmax Summary                                                                        ;
+------------+-----------------+------------+---------------------------------------------------------------+
; Fmax       ; Restricted Fmax ; Clock Name ; Note                                                          ;
+------------+-----------------+------------+---------------------------------------------------------------+
; 294.64 MHz ; 250.0 MHz       ; opcode[1]  ; limit due to minimum period restriction (max I/O toggle rate) ;
+------------+-----------------+------------+---------------------------------------------------------------+
This panel reports FMAX for every clock in the design, regardless of the user-specified clock periods.  FMAX is only computed for paths where the source and destination registers or ports are driven by the same clock.  Paths of different clocks, including generated clocks, are ignored.  For paths between a clock and its inversion, FMAX is computed as if the rising and falling edges are scaled along with FMAX, such that the duty cycle (in terms of a percentage) is maintained. Altera recommends that you always use clock constraints and other slack reports for sign-off analysis.


----------------------------------
; Timing Closure Recommendations ;
----------------------------------
HTML report is unavailable in plain text report export.


+-------------------------------------+
; Slow 1200mV 85C Model Setup Summary ;
+-----------+--------+----------------+
; Clock     ; Slack  ; End Point TNS  ;
+-----------+--------+----------------+
; opcode[1] ; -1.197 ; -9.417         ;
+-----------+--------+----------------+


+------------------------------------+
; Slow 1200mV 85C Model Hold Summary ;
+-----------+-------+----------------+
; Clock     ; Slack ; End Point TNS  ;
+-----------+-------+----------------+
; opcode[1] ; 0.003 ; 0.000          ;
+-----------+-------+----------------+


------------------------------------------
; Slow 1200mV 85C Model Recovery Summary ;
------------------------------------------
No paths to report.


-----------------------------------------
; Slow 1200mV 85C Model Removal Summary ;
-----------------------------------------
No paths to report.


+---------------------------------------------------+
; Slow 1200mV 85C Model Minimum Pulse Width Summary ;
+-----------+--------+------------------------------+
; Clock     ; Slack  ; End Point TNS                ;
+-----------+--------+------------------------------+
; opcode[1] ; -3.000 ; -3.000                       ;
+-----------+--------+------------------------------+


+-----------------------------------------------------------------------------------------------------------------+
; Slow 1200mV 85C Model Setup: 'opcode[1]'                                                                        ;
+--------+-----------+----------------------+--------------+-------------+--------------+------------+------------+
; Slack  ; From Node ; To Node              ; Launch Clock ; Latch Clock ; Relationship ; Clock Skew ; Data Delay ;
+--------+-----------+----------------------+--------------+-------------+--------------+------------+------------+
; -1.197 ; opcode[1] ; cu_aluOp$latch       ; opcode[1]    ; opcode[1]   ; 0.500        ; 4.134      ; 5.108      ;
; -1.189 ; opcode[1] ; cu_writeReg$latch    ; opcode[1]    ; opcode[1]   ; 0.500        ; 4.130      ; 5.096      ;
; -1.170 ; opcode[1] ; cu_regDest$latch     ; opcode[1]    ; opcode[1]   ; 0.500        ; 4.133      ; 5.074      ;
; -1.098 ; opcode[1] ; cu_aluScr$latch      ; opcode[1]    ; opcode[1]   ; 0.500        ; 4.247      ; 5.229      ;
; -0.969 ; opcode[1] ; cu_hlt$latch         ; opcode[1]    ; opcode[1]   ; 0.500        ; 4.138      ; 4.878      ;
; -0.951 ; opcode[1] ; cu_Jump$latch        ; opcode[1]    ; opcode[1]   ; 0.500        ; 4.250      ; 5.088      ;
; -0.936 ; opcode[1] ; cu_memtoReg$latch    ; opcode[1]    ; opcode[1]   ; 0.500        ; 4.249      ; 5.072      ;
; -0.675 ; opcode[1] ; cu_Branch$latch      ; opcode[1]    ; opcode[1]   ; 0.500        ; 4.136      ; 4.588      ;
; -0.633 ; opcode[1] ; cu_inSignal$latch    ; opcode[1]    ; opcode[1]   ; 0.500        ; 4.133      ; 4.645      ;
; -0.599 ; opcode[1] ; cu_writeEnable$latch ; opcode[1]    ; opcode[1]   ; 0.500        ; 4.132      ; 4.609      ;
; -0.492 ; opcode[1] ; cu_writeReg$latch    ; opcode[1]    ; opcode[1]   ; 1.000        ; 4.130      ; 4.899      ;
; -0.471 ; opcode[1] ; cu_regDest$latch     ; opcode[1]    ; opcode[1]   ; 1.000        ; 4.133      ; 4.875      ;
; -0.421 ; opcode[1] ; cu_aluOp$latch       ; opcode[1]    ; opcode[1]   ; 1.000        ; 4.134      ; 4.832      ;
; -0.243 ; opcode[1] ; cu_memtoReg$latch    ; opcode[1]    ; opcode[1]   ; 1.000        ; 4.249      ; 4.879      ;
; -0.242 ; opcode[1] ; cu_aluScr$latch      ; opcode[1]    ; opcode[1]   ; 1.000        ; 4.247      ; 4.873      ;
; -0.220 ; opcode[1] ; cu_Jump$latch        ; opcode[1]    ; opcode[1]   ; 1.000        ; 4.250      ; 4.857      ;
; -0.219 ; opcode[1] ; cu_hlt$latch         ; opcode[1]    ; opcode[1]   ; 1.000        ; 4.138      ; 4.628      ;
; -0.050 ; opcode[1] ; cu_inSignal$latch    ; opcode[1]    ; opcode[1]   ; 1.000        ; 4.133      ; 4.562      ;
; -0.044 ; opcode[1] ; cu_Branch$latch      ; opcode[1]    ; opcode[1]   ; 1.000        ; 4.136      ; 4.457      ;
; 0.012  ; opcode[1] ; cu_writeEnable$latch ; opcode[1]    ; opcode[1]   ; 1.000        ; 4.132      ; 4.498      ;
+--------+-----------+----------------------+--------------+-------------+--------------+------------+------------+


+----------------------------------------------------------------------------------------------------------------+
; Slow 1200mV 85C Model Hold: 'opcode[1]'                                                                        ;
+-------+-----------+----------------------+--------------+-------------+--------------+------------+------------+
; Slack ; From Node ; To Node              ; Launch Clock ; Latch Clock ; Relationship ; Clock Skew ; Data Delay ;
+-------+-----------+----------------------+--------------+-------------+--------------+------------+------------+
; 0.003 ; opcode[1] ; cu_writeEnable$latch ; opcode[1]    ; opcode[1]   ; 0.000        ; 4.286      ; 4.289      ;
; 0.004 ; opcode[1] ; cu_Branch$latch      ; opcode[1]    ; opcode[1]   ; 0.000        ; 4.291      ; 4.295      ;
; 0.058 ; opcode[1] ; cu_inSignal$latch    ; opcode[1]    ; opcode[1]   ; 0.000        ; 4.288      ; 4.346      ;
; 0.144 ; opcode[1] ; cu_Jump$latch        ; opcode[1]    ; opcode[1]   ; 0.000        ; 4.409      ; 4.553      ;
; 0.154 ; opcode[1] ; cu_hlt$latch         ; opcode[1]    ; opcode[1]   ; 0.000        ; 4.293      ; 4.447      ;
; 0.200 ; opcode[1] ; cu_aluOp$latch       ; opcode[1]    ; opcode[1]   ; 0.000        ; 4.288      ; 4.488      ;
; 0.214 ; opcode[1] ; cu_aluScr$latch      ; opcode[1]    ; opcode[1]   ; 0.000        ; 4.406      ; 4.620      ;
; 0.231 ; opcode[1] ; cu_memtoReg$latch    ; opcode[1]    ; opcode[1]   ; 0.000        ; 4.408      ; 4.639      ;
; 0.337 ; opcode[1] ; cu_writeReg$latch    ; opcode[1]    ; opcode[1]   ; 0.000        ; 4.284      ; 4.621      ;
; 0.408 ; opcode[1] ; cu_regDest$latch     ; opcode[1]    ; opcode[1]   ; 0.000        ; 4.288      ; 4.696      ;
; 0.616 ; opcode[1] ; cu_writeEnable$latch ; opcode[1]    ; opcode[1]   ; -0.500       ; 4.286      ; 4.422      ;
; 0.616 ; opcode[1] ; cu_Branch$latch      ; opcode[1]    ; opcode[1]   ; -0.500       ; 4.291      ; 4.427      ;
; 0.651 ; opcode[1] ; cu_inSignal$latch    ; opcode[1]    ; opcode[1]   ; -0.500       ; 4.288      ; 4.459      ;
; 0.821 ; opcode[1] ; cu_Jump$latch        ; opcode[1]    ; opcode[1]   ; -0.500       ; 4.409      ; 4.750      ;
; 0.844 ; opcode[1] ; cu_aluOp$latch       ; opcode[1]    ; opcode[1]   ; -0.500       ; 4.288      ; 4.652      ;
; 0.865 ; opcode[1] ; cu_hlt$latch         ; opcode[1]    ; opcode[1]   ; -0.500       ; 4.293      ; 4.678      ;
; 0.884 ; opcode[1] ; cu_memtoReg$latch    ; opcode[1]    ; opcode[1]   ; -0.500       ; 4.408      ; 4.812      ;
; 1.012 ; opcode[1] ; cu_writeReg$latch    ; opcode[1]    ; opcode[1]   ; -0.500       ; 4.284      ; 4.816      ;
; 1.019 ; opcode[1] ; cu_aluScr$latch      ; opcode[1]    ; opcode[1]   ; -0.500       ; 4.406      ; 4.945      ;
; 1.087 ; opcode[1] ; cu_regDest$latch     ; opcode[1]    ; opcode[1]   ; -0.500       ; 4.288      ; 4.895      ;
+-------+-----------+----------------------+--------------+-------------+--------------+------------+------------+


-----------------------------------------------
; Slow 1200mV 85C Model Metastability Summary ;
-----------------------------------------------
No synchronizer chains to report.


+-----------------------------------------------------------------------------------------------------------+
; Slow 1200mV 0C Model Fmax Summary                                                                         ;
+------------+-----------------+------------+---------------------------------------------------------------+
; Fmax       ; Restricted Fmax ; Clock Name ; Note                                                          ;
+------------+-----------------+------------+---------------------------------------------------------------+
; 337.61 MHz ; 250.0 MHz       ; opcode[1]  ; limit due to minimum period restriction (max I/O toggle rate) ;
+------------+-----------------+------------+---------------------------------------------------------------+
This panel reports FMAX for every clock in the design, regardless of the user-specified clock periods.  FMAX is only computed for paths where the source and destination registers or ports are driven by the same clock.  Paths of different clocks, including generated clocks, are ignored.  For paths between a clock and its inversion, FMAX is computed as if the rising and falling edges are scaled along with FMAX, such that the duty cycle (in terms of a percentage) is maintained. Altera recommends that you always use clock constraints and other slack reports for sign-off analysis.


+------------------------------------+
; Slow 1200mV 0C Model Setup Summary ;
+-----------+--------+---------------+
; Clock     ; Slack  ; End Point TNS ;
+-----------+--------+---------------+
; opcode[1] ; -0.981 ; -7.502        ;
+-----------+--------+---------------+


+------------------------------------+
; Slow 1200mV 0C Model Hold Summary  ;
+-----------+--------+---------------+
; Clock     ; Slack  ; End Point TNS ;
+-----------+--------+---------------+
; opcode[1] ; -0.007 ; -0.007        ;
+-----------+--------+---------------+


-----------------------------------------
; Slow 1200mV 0C Model Recovery Summary ;
-----------------------------------------
No paths to report.


----------------------------------------
; Slow 1200mV 0C Model Removal Summary ;
----------------------------------------
No paths to report.


+--------------------------------------------------+
; Slow 1200mV 0C Model Minimum Pulse Width Summary ;
+-----------+--------+-----------------------------+
; Clock     ; Slack  ; End Point TNS               ;
+-----------+--------+-----------------------------+
; opcode[1] ; -3.000 ; -3.000                      ;
+-----------+--------+-----------------------------+


+-----------------------------------------------------------------------------------------------------------------+
; Slow 1200mV 0C Model Setup: 'opcode[1]'                                                                         ;
+--------+-----------+----------------------+--------------+-------------+--------------+------------+------------+
; Slack  ; From Node ; To Node              ; Launch Clock ; Latch Clock ; Relationship ; Clock Skew ; Data Delay ;
+--------+-----------+----------------------+--------------+-------------+--------------+------------+------------+
; -0.981 ; opcode[1] ; cu_writeReg$latch    ; opcode[1]    ; opcode[1]   ; 0.500        ; 3.787      ; 4.617      ;
; -0.963 ; opcode[1] ; cu_regDest$latch     ; opcode[1]    ; opcode[1]   ; 0.500        ; 3.790      ; 4.597      ;
; -0.929 ; opcode[1] ; cu_aluOp$latch       ; opcode[1]    ; opcode[1]   ; 0.500        ; 3.790      ; 4.569      ;
; -0.855 ; opcode[1] ; cu_aluScr$latch      ; opcode[1]    ; opcode[1]   ; 0.500        ; 3.883      ; 4.679      ;
; -0.785 ; opcode[1] ; cu_hlt$latch         ; opcode[1]    ; opcode[1]   ; 0.500        ; 3.788      ; 4.417      ;
; -0.735 ; opcode[1] ; cu_Jump$latch        ; opcode[1]    ; opcode[1]   ; 0.500        ; 3.886      ; 4.565      ;
; -0.720 ; opcode[1] ; cu_memtoReg$latch    ; opcode[1]    ; opcode[1]   ; 0.500        ; 3.884      ; 4.547      ;
; -0.555 ; opcode[1] ; cu_Branch$latch      ; opcode[1]    ; opcode[1]   ; 0.500        ; 3.787      ; 4.191      ;
; -0.505 ; opcode[1] ; cu_inSignal$latch    ; opcode[1]    ; opcode[1]   ; 0.500        ; 3.790      ; 4.230      ;
; -0.474 ; opcode[1] ; cu_writeEnable$latch ; opcode[1]    ; opcode[1]   ; 0.500        ; 3.788      ; 4.195      ;
; -0.388 ; opcode[1] ; cu_writeReg$latch    ; opcode[1]    ; opcode[1]   ; 1.000        ; 3.787      ; 4.524      ;
; -0.365 ; opcode[1] ; cu_regDest$latch     ; opcode[1]    ; opcode[1]   ; 1.000        ; 3.790      ; 4.499      ;
; -0.341 ; opcode[1] ; cu_aluOp$latch       ; opcode[1]    ; opcode[1]   ; 1.000        ; 3.790      ; 4.481      ;
; -0.205 ; opcode[1] ; cu_memtoReg$latch    ; opcode[1]    ; opcode[1]   ; 1.000        ; 3.884      ; 4.532      ;
; -0.189 ; opcode[1] ; cu_aluScr$latch      ; opcode[1]    ; opcode[1]   ; 1.000        ; 3.883      ; 4.513      ;
; -0.178 ; opcode[1] ; cu_Jump$latch        ; opcode[1]    ; opcode[1]   ; 1.000        ; 3.886      ; 4.508      ;
; -0.117 ; opcode[1] ; cu_hlt$latch         ; opcode[1]    ; opcode[1]   ; 1.000        ; 3.788      ; 4.249      ;
; 0.025  ; opcode[1] ; cu_Branch$latch      ; opcode[1]    ; opcode[1]   ; 1.000        ; 3.787      ; 4.111      ;
; 0.056  ; opcode[1] ; cu_inSignal$latch    ; opcode[1]    ; opcode[1]   ; 1.000        ; 3.790      ; 4.169      ;
; 0.112  ; opcode[1] ; cu_writeEnable$latch ; opcode[1]    ; opcode[1]   ; 1.000        ; 3.788      ; 4.109      ;
+--------+-----------+----------------------+--------------+-------------+--------------+------------+------------+


+-----------------------------------------------------------------------------------------------------------------+
; Slow 1200mV 0C Model Hold: 'opcode[1]'                                                                          ;
+--------+-----------+----------------------+--------------+-------------+--------------+------------+------------+
; Slack  ; From Node ; To Node              ; Launch Clock ; Latch Clock ; Relationship ; Clock Skew ; Data Delay ;
+--------+-----------+----------------------+--------------+-------------+--------------+------------+------------+
; -0.007 ; opcode[1] ; cu_writeEnable$latch ; opcode[1]    ; opcode[1]   ; 0.000        ; 3.929      ; 3.922      ;
; 0.035  ; opcode[1] ; cu_Branch$latch      ; opcode[1]    ; opcode[1]   ; 0.000        ; 3.928      ; 3.963      ;
; 0.049  ; opcode[1] ; cu_inSignal$latch    ; opcode[1]    ; opcode[1]   ; 0.000        ; 3.930      ; 3.979      ;
; 0.157  ; opcode[1] ; cu_hlt$latch         ; opcode[1]    ; opcode[1]   ; 0.000        ; 3.929      ; 4.086      ;
; 0.186  ; opcode[1] ; cu_aluOp$latch       ; opcode[1]    ; opcode[1]   ; 0.000        ; 3.931      ; 4.117      ;
; 0.200  ; opcode[1] ; cu_Jump$latch        ; opcode[1]    ; opcode[1]   ; 0.000        ; 4.030      ; 4.230      ;
; 0.252  ; opcode[1] ; cu_aluScr$latch      ; opcode[1]    ; opcode[1]   ; 0.000        ; 4.027      ; 4.279      ;
; 0.283  ; opcode[1] ; cu_memtoReg$latch    ; opcode[1]    ; opcode[1]   ; 0.000        ; 4.029      ; 4.312      ;
; 0.349  ; opcode[1] ; cu_writeReg$latch    ; opcode[1]    ; opcode[1]   ; 0.000        ; 3.927      ; 4.276      ;
; 0.406  ; opcode[1] ; cu_regDest$latch     ; opcode[1]    ; opcode[1]   ; 0.000        ; 3.930      ; 4.336      ;
; 0.576  ; opcode[1] ; cu_writeEnable$latch ; opcode[1]    ; opcode[1]   ; -0.500       ; 3.929      ; 4.025      ;
; 0.601  ; opcode[1] ; cu_Branch$latch      ; opcode[1]    ; opcode[1]   ; -0.500       ; 3.928      ; 4.049      ;
; 0.614  ; opcode[1] ; cu_inSignal$latch    ; opcode[1]    ; opcode[1]   ; -0.500       ; 3.930      ; 4.064      ;
; 0.716  ; opcode[1] ; cu_Jump$latch        ; opcode[1]    ; opcode[1]   ; -0.500       ; 4.030      ; 4.266      ;
; 0.769  ; opcode[1] ; cu_memtoReg$latch    ; opcode[1]    ; opcode[1]   ; -0.500       ; 4.029      ; 4.318      ;
; 0.777  ; opcode[1] ; cu_aluOp$latch       ; opcode[1]    ; opcode[1]   ; -0.500       ; 3.931      ; 4.228      ;
; 0.791  ; opcode[1] ; cu_hlt$latch         ; opcode[1]    ; opcode[1]   ; -0.500       ; 3.929      ; 4.240      ;
; 0.882  ; opcode[1] ; cu_aluScr$latch      ; opcode[1]    ; opcode[1]   ; -0.500       ; 4.027      ; 4.429      ;
; 0.960  ; opcode[1] ; cu_writeReg$latch    ; opcode[1]    ; opcode[1]   ; -0.500       ; 3.927      ; 4.407      ;
; 0.986  ; opcode[1] ; cu_regDest$latch     ; opcode[1]    ; opcode[1]   ; -0.500       ; 3.930      ; 4.436      ;
+--------+-----------+----------------------+--------------+-------------+--------------+------------+------------+


----------------------------------------------
; Slow 1200mV 0C Model Metastability Summary ;
----------------------------------------------
No synchronizer chains to report.


+------------------------------------+
; Fast 1200mV 0C Model Setup Summary ;
+-----------+--------+---------------+
; Clock     ; Slack  ; End Point TNS ;
+-----------+--------+---------------+
; opcode[1] ; -0.902 ; -7.063        ;
+-----------+--------+---------------+


+------------------------------------+
; Fast 1200mV 0C Model Hold Summary  ;
+-----------+--------+---------------+
; Clock     ; Slack  ; End Point TNS ;
+-----------+--------+---------------+
; opcode[1] ; -0.001 ; -0.001        ;
+-----------+--------+---------------+


-----------------------------------------
; Fast 1200mV 0C Model Recovery Summary ;
-----------------------------------------
No paths to report.


----------------------------------------
; Fast 1200mV 0C Model Removal Summary ;
----------------------------------------
No paths to report.


+--------------------------------------------------+
; Fast 1200mV 0C Model Minimum Pulse Width Summary ;
+-----------+--------+-----------------------------+
; Clock     ; Slack  ; End Point TNS               ;
+-----------+--------+-----------------------------+
; opcode[1] ; -3.000 ; -3.602                      ;
+-----------+--------+-----------------------------+


+-----------------------------------------------------------------------------------------------------------------+
; Fast 1200mV 0C Model Setup: 'opcode[1]'                                                                         ;
+--------+-----------+----------------------+--------------+-------------+--------------+------------+------------+
; Slack  ; From Node ; To Node              ; Launch Clock ; Latch Clock ; Relationship ; Clock Skew ; Data Delay ;
+--------+-----------+----------------------+--------------+-------------+--------------+------------+------------+
; -0.902 ; opcode[1] ; cu_writeReg$latch    ; opcode[1]    ; opcode[1]   ; 0.500        ; 2.327      ; 3.317      ;
; -0.888 ; opcode[1] ; cu_aluOp$latch       ; opcode[1]    ; opcode[1]   ; 0.500        ; 2.331      ; 3.307      ;
; -0.886 ; opcode[1] ; cu_regDest$latch     ; opcode[1]    ; opcode[1]   ; 0.500        ; 2.330      ; 3.303      ;
; -0.820 ; opcode[1] ; cu_aluScr$latch      ; opcode[1]    ; opcode[1]   ; 0.500        ; 2.387      ; 3.366      ;
; -0.767 ; opcode[1] ; cu_memtoReg$latch    ; opcode[1]    ; opcode[1]   ; 0.500        ; 2.388      ; 3.314      ;
; -0.742 ; opcode[1] ; cu_Jump$latch        ; opcode[1]    ; opcode[1]   ; 0.500        ; 2.390      ; 3.291      ;
; -0.670 ; opcode[1] ; cu_hlt$latch         ; opcode[1]    ; opcode[1]   ; 0.500        ; 2.329      ; 3.086      ;
; -0.497 ; opcode[1] ; cu_Branch$latch      ; opcode[1]    ; opcode[1]   ; 0.500        ; 2.328      ; 2.913      ;
; -0.457 ; opcode[1] ; cu_inSignal$latch    ; opcode[1]    ; opcode[1]   ; 0.500        ; 2.330      ; 2.939      ;
; -0.434 ; opcode[1] ; cu_writeEnable$latch ; opcode[1]    ; opcode[1]   ; 0.500        ; 2.329      ; 2.914      ;
; 0.085  ; opcode[1] ; cu_writeReg$latch    ; opcode[1]    ; opcode[1]   ; 1.000        ; 2.327      ; 2.830      ;
; 0.270  ; opcode[1] ; cu_aluOp$latch       ; opcode[1]    ; opcode[1]   ; 1.000        ; 2.331      ; 2.649      ;
; 0.274  ; opcode[1] ; cu_regDest$latch     ; opcode[1]    ; opcode[1]   ; 1.000        ; 2.330      ; 2.643      ;
; 0.301  ; opcode[1] ; cu_hlt$latch         ; opcode[1]    ; opcode[1]   ; 1.000        ; 2.329      ; 2.615      ;
; 0.345  ; opcode[1] ; cu_Branch$latch      ; opcode[1]    ; opcode[1]   ; 1.000        ; 2.328      ; 2.571      ;
; 0.362  ; opcode[1] ; cu_aluScr$latch      ; opcode[1]    ; opcode[1]   ; 1.000        ; 2.387      ; 2.684      ;
; 0.368  ; opcode[1] ; cu_memtoReg$latch    ; opcode[1]    ; opcode[1]   ; 1.000        ; 2.388      ; 2.679      ;
; 0.396  ; opcode[1] ; cu_inSignal$latch    ; opcode[1]    ; opcode[1]   ; 1.000        ; 2.330      ; 2.586      ;
; 0.402  ; opcode[1] ; cu_Jump$latch        ; opcode[1]    ; opcode[1]   ; 1.000        ; 2.390      ; 2.647      ;
; 0.435  ; opcode[1] ; cu_writeEnable$latch ; opcode[1]    ; opcode[1]   ; 1.000        ; 2.329      ; 2.545      ;
+--------+-----------+----------------------+--------------+-------------+--------------+------------+------------+


+-----------------------------------------------------------------------------------------------------------------+
; Fast 1200mV 0C Model Hold: 'opcode[1]'                                                                          ;
+--------+-----------+----------------------+--------------+-------------+--------------+------------+------------+
; Slack  ; From Node ; To Node              ; Launch Clock ; Latch Clock ; Relationship ; Clock Skew ; Data Delay ;
+--------+-----------+----------------------+--------------+-------------+--------------+------------+------------+
; -0.001 ; opcode[1] ; cu_Jump$latch        ; opcode[1]    ; opcode[1]   ; 0.000        ; 2.481      ; 2.480      ;
; 0.011  ; opcode[1] ; cu_writeEnable$latch ; opcode[1]    ; opcode[1]   ; 0.000        ; 2.417      ; 2.428      ;
; 0.044  ; opcode[1] ; cu_inSignal$latch    ; opcode[1]    ; opcode[1]   ; 0.000        ; 2.419      ; 2.463      ;
; 0.061  ; opcode[1] ; cu_Branch$latch      ; opcode[1]    ; opcode[1]   ; 0.000        ; 2.416      ; 2.477      ;
; 0.066  ; opcode[1] ; cu_memtoReg$latch    ; opcode[1]    ; opcode[1]   ; 0.000        ; 2.480      ; 2.546      ;
; 0.067  ; opcode[1] ; cu_aluScr$latch      ; opcode[1]    ; opcode[1]   ; 0.000        ; 2.478      ; 2.545      ;
; 0.092  ; opcode[1] ; cu_aluOp$latch       ; opcode[1]    ; opcode[1]   ; 0.000        ; 2.419      ; 2.511      ;
; 0.093  ; opcode[1] ; cu_hlt$latch         ; opcode[1]    ; opcode[1]   ; 0.000        ; 2.418      ; 2.511      ;
; 0.127  ; opcode[1] ; cu_regDest$latch     ; opcode[1]    ; opcode[1]   ; 0.000        ; 2.419      ; 2.546      ;
; 0.147  ; opcode[1] ; cu_writeReg$latch    ; opcode[1]    ; opcode[1]   ; 0.000        ; 2.415      ; 2.562      ;
; 0.870  ; opcode[1] ; cu_writeEnable$latch ; opcode[1]    ; opcode[1]   ; -0.500       ; 2.417      ; 2.807      ;
; 0.885  ; opcode[1] ; cu_Branch$latch      ; opcode[1]    ; opcode[1]   ; -0.500       ; 2.416      ; 2.821      ;
; 0.895  ; opcode[1] ; cu_inSignal$latch    ; opcode[1]    ; opcode[1]   ; -0.500       ; 2.419      ; 2.834      ;
; 1.030  ; opcode[1] ; cu_aluOp$latch       ; opcode[1]    ; opcode[1]   ; -0.500       ; 2.419      ; 2.969      ;
; 1.035  ; opcode[1] ; cu_hlt$latch         ; opcode[1]    ; opcode[1]   ; -0.500       ; 2.418      ; 2.973      ;
; 1.075  ; opcode[1] ; cu_writeReg$latch    ; opcode[1]    ; opcode[1]   ; -0.500       ; 2.415      ; 3.010      ;
; 1.093  ; opcode[1] ; cu_Jump$latch        ; opcode[1]    ; opcode[1]   ; -0.500       ; 2.481      ; 3.094      ;
; 1.160  ; opcode[1] ; cu_memtoReg$latch    ; opcode[1]    ; opcode[1]   ; -0.500       ; 2.480      ; 3.160      ;
; 1.201  ; opcode[1] ; cu_aluScr$latch      ; opcode[1]    ; opcode[1]   ; -0.500       ; 2.478      ; 3.199      ;
; 1.256  ; opcode[1] ; cu_regDest$latch     ; opcode[1]    ; opcode[1]   ; -0.500       ; 2.419      ; 3.195      ;
+--------+-----------+----------------------+--------------+-------------+--------------+------------+------------+


----------------------------------------------
; Fast 1200mV 0C Model Metastability Summary ;
----------------------------------------------
No synchronizer chains to report.


+-------------------------------------------------------------------------------+
; Multicorner Timing Analysis Summary                                           ;
+------------------+--------+--------+----------+---------+---------------------+
; Clock            ; Setup  ; Hold   ; Recovery ; Removal ; Minimum Pulse Width ;
+------------------+--------+--------+----------+---------+---------------------+
; Worst-case Slack ; -1.197 ; -0.007 ; N/A      ; N/A     ; -3.000              ;
;  opcode[1]       ; -1.197 ; -0.007 ; N/A      ; N/A     ; -3.000              ;
; Design-wide TNS  ; -9.417 ; -0.007 ; 0.0      ; 0.0     ; -3.602              ;
;  opcode[1]       ; -9.417 ; -0.007 ; N/A      ; N/A     ; -3.602              ;
+------------------+--------+--------+----------+---------+---------------------+


+-------------------------------------------------------------------------------------------------------------------------------------------------------------------------------------------------------------------------------------------------------------------------------------------------------------------------------------------------------------------------------------------------------------------+
; Board Trace Model Assignments                                                                                                                                                                                                                                                                                                                                                                                     ;
+----------------+--------------+-------------------+-------------------------+-------------------------+---------------+---------------------+----------------+------------------+--------+------------------+------------------------+------------------------+--------------+---------------+-----------------+-------+---------------------+--------------------+---------------+-----------------+-------------+
; Pin            ; I/O Standard ; Near Tline Length ; Near Tline L per Length ; Near Tline C per Length ; Near Series R ; Near Differential R ; Near Pull-up R ; Near Pull-down R ; Near C ; Far Tline Length ; Far Tline L per Length ; Far Tline C per Length ; Far Series R ; Far Pull-up R ; Far Pull-down R ; Far C ; Termination Voltage ; Far Differential R ; EBD File Name ; EBD Signal Name ; EBD Far-end ;
+----------------+--------------+-------------------+-------------------------+-------------------------+---------------+---------------------+----------------+------------------+--------+------------------+------------------------+------------------------+--------------+---------------+-----------------+-------+---------------------+--------------------+---------------+-----------------+-------------+
; cu_writeReg    ; 2.5 V        ; 0 in              ; 0 H/in                  ; 0 F/in                  ; short         ; -                   ; open           ; open             ; open   ; 0 in             ; 0 H/in                 ; 0 F/in                 ; short        ; open          ; open            ; open  ; 0 V                 ; -                  ; n/a           ; n/a             ; n/a         ;
; cu_regDest     ; 2.5 V        ; 0 in              ; 0 H/in                  ; 0 F/in                  ; short         ; -                   ; open           ; open             ; open   ; 0 in             ; 0 H/in                 ; 0 F/in                 ; short        ; open          ; open            ; open  ; 0 V                 ; -                  ; n/a           ; n/a             ; n/a         ;
; cu_memtoReg    ; 2.5 V        ; 0 in              ; 0 H/in                  ; 0 F/in                  ; short         ; -                   ; open           ; open             ; open   ; 0 in             ; 0 H/in                 ; 0 F/in                 ; short        ; open          ; open            ; open  ; 0 V                 ; -                  ; n/a           ; n/a             ; n/a         ;
; cu_Jump        ; 2.5 V        ; 0 in              ; 0 H/in                  ; 0 F/in                  ; short         ; -                   ; open           ; open             ; open   ; 0 in             ; 0 H/in                 ; 0 F/in                 ; short        ; open          ; open            ; open  ; 0 V                 ; -                  ; n/a           ; n/a             ; n/a         ;
; cu_inSignal    ; 2.5 V        ; 0 in              ; 0 H/in                  ; 0 F/in                  ; short         ; -                   ; open           ; open             ; open   ; 0 in             ; 0 H/in                 ; 0 F/in                 ; short        ; open          ; open            ; open  ; 0 V                 ; -                  ; n/a           ; n/a             ; n/a         ;
; cu_aluScr      ; 2.5 V        ; 0 in              ; 0 H/in                  ; 0 F/in                  ; short         ; -                   ; open           ; open             ; open   ; 0 in             ; 0 H/in                 ; 0 F/in                 ; short        ; open          ; open            ; open  ; 0 V                 ; -                  ; n/a           ; n/a             ; n/a         ;
; cu_writeEnable ; 2.5 V        ; 0 in              ; 0 H/in                  ; 0 F/in                  ; short         ; -                   ; open           ; open             ; open   ; 0 in             ; 0 H/in                 ; 0 F/in                 ; short        ; open          ; open            ; open  ; 0 V                 ; -                  ; n/a           ; n/a             ; n/a         ;
; cu_readEnable  ; 2.5 V        ; 0 in              ; 0 H/in                  ; 0 F/in                  ; short         ; -                   ; open           ; open             ; open   ; 0 in             ; 0 H/in                 ; 0 F/in                 ; short        ; open          ; open            ; open  ; 0 V                 ; -                  ; n/a           ; n/a             ; n/a         ;
; cu_Branch      ; 2.5 V        ; 0 in              ; 0 H/in                  ; 0 F/in                  ; short         ; -                   ; open           ; open             ; open   ; 0 in             ; 0 H/in                 ; 0 F/in                 ; short        ; open          ; open            ; open  ; 0 V                 ; -                  ; n/a           ; n/a             ; n/a         ;
; cu_aluOp       ; 2.5 V        ; 0 in              ; 0 H/in                  ; 0 F/in                  ; short         ; -                   ; open           ; open             ; open   ; 0 in             ; 0 H/in                 ; 0 F/in                 ; short        ; open          ; open            ; open  ; 0 V                 ; -                  ; n/a           ; n/a             ; n/a         ;
; cu_hlt         ; 2.5 V        ; 0 in              ; 0 H/in                  ; 0 F/in                  ; short         ; -                   ; open           ; open             ; open   ; 0 in             ; 0 H/in                 ; 0 F/in                 ; short        ; open          ; open            ; open  ; 0 V                 ; -                  ; n/a           ; n/a             ; n/a         ;
; cu_reset       ; 2.5 V        ; 0 in              ; 0 H/in                  ; 0 F/in                  ; short         ; -                   ; open           ; open             ; open   ; 0 in             ; 0 H/in                 ; 0 F/in                 ; short        ; open          ; open            ; open  ; 0 V                 ; -                  ; n/a           ; n/a             ; n/a         ;
; ~ALTERA_DCLK~  ; 2.5 V        ; 0 in              ; 0 H/in                  ; 0 F/in                  ; short         ; -                   ; open           ; open             ; open   ; 0 in             ; 0 H/in                 ; 0 F/in                 ; short        ; open          ; open            ; open  ; 0 V                 ; -                  ; n/a           ; n/a             ; n/a         ;
; ~ALTERA_nCEO~  ; 2.5 V        ; 0 in              ; 0 H/in                  ; 0 F/in                  ; short         ; -                   ; open           ; open             ; open   ; 0 in             ; 0 H/in                 ; 0 F/in                 ; short        ; open          ; open            ; open  ; 0 V                 ; -                  ; n/a           ; n/a             ; n/a         ;
+----------------+--------------+-------------------+-------------------------+-------------------------+---------------+---------------------+----------------+------------------+--------+------------------+------------------------+------------------------+--------------+---------------+-----------------+-------+---------------------+--------------------+---------------+-----------------+-------------+


+----------------------------------------------------------------------------+
; Input Transition Times                                                     ;
+-------------------------+--------------+-----------------+-----------------+
; Pin                     ; I/O Standard ; 10-90 Rise Time ; 90-10 Fall Time ;
+-------------------------+--------------+-----------------+-----------------+
; opcode[4]               ; 2.5 V        ; 2000 ps         ; 2000 ps         ;
; opcode[5]               ; 2.5 V        ; 2000 ps         ; 2000 ps         ;
; opcode[3]               ; 2.5 V        ; 2000 ps         ; 2000 ps         ;
; opcode[0]               ; 2.5 V        ; 2000 ps         ; 2000 ps         ;
; opcode[1]               ; 2.5 V        ; 2000 ps         ; 2000 ps         ;
; opcode[2]               ; 2.5 V        ; 2000 ps         ; 2000 ps         ;
; ~ALTERA_ASDO_DATA1~     ; 2.5 V        ; 2000 ps         ; 2000 ps         ;
; ~ALTERA_FLASH_nCE_nCSO~ ; 2.5 V        ; 2000 ps         ; 2000 ps         ;
; ~ALTERA_DATA0~          ; 2.5 V        ; 2000 ps         ; 2000 ps         ;
+-------------------------+--------------+-----------------+-----------------+


+---------------------------------------------------------------------------------------------------------------------------------------------------------------------------------------------------------------------------------------------------------------------------------------------------------------------------------------------------------------------------------------------------------------------------------------------------------------------------------------------------------------------------------------------------------------------------------------------------------------------------------------------------------------------------------------------+
; Signal Integrity Metrics (Slow 1200mv 0c Model)                                                                                                                                                                                                                                                                                                                                                                                                                                                                                                                                                                                                                                             ;
+----------------+--------------+---------------------+---------------------+------------------------------+------------------------------+---------------------+---------------------+--------------------------------------+--------------------------------------+-----------------------------+-----------------------------+----------------------------+----------------------------+-----------------------------+-----------------------------+--------------------+--------------------+-------------------------------------+-------------------------------------+----------------------------+----------------------------+---------------------------+---------------------------+
; Pin            ; I/O Standard ; Board Delay on Rise ; Board Delay on Fall ; Steady State Voh at FPGA Pin ; Steady State Vol at FPGA Pin ; Voh Max at FPGA Pin ; Vol Min at FPGA Pin ; Ringback Voltage on Rise at FPGA Pin ; Ringback Voltage on Fall at FPGA Pin ; 10-90 Rise Time at FPGA Pin ; 90-10 Fall Time at FPGA Pin ; Monotonic Rise at FPGA Pin ; Monotonic Fall at FPGA Pin ; Steady State Voh at Far-end ; Steady State Vol at Far-end ; Voh Max at Far-end ; Vol Min at Far-end ; Ringback Voltage on Rise at Far-end ; Ringback Voltage on Fall at Far-end ; 10-90 Rise Time at Far-end ; 90-10 Fall Time at Far-end ; Monotonic Rise at Far-end ; Monotonic Fall at Far-end ;
+----------------+--------------+---------------------+---------------------+------------------------------+------------------------------+---------------------+---------------------+--------------------------------------+--------------------------------------+-----------------------------+-----------------------------+----------------------------+----------------------------+-----------------------------+-----------------------------+--------------------+--------------------+-------------------------------------+-------------------------------------+----------------------------+----------------------------+---------------------------+---------------------------+
; cu_writeReg    ; 2.5 V        ; 0 s                 ; 0 s                 ; 2.32 V                       ; 5.95e-09 V                   ; 2.38 V              ; -0.016 V            ; 0.22 V                               ; 0.025 V                              ; 3.06e-10 s                  ; 3.3e-10 s                   ; Yes                        ; Yes                        ; 2.32 V                      ; 5.95e-09 V                  ; 2.38 V             ; -0.016 V           ; 0.22 V                              ; 0.025 V                             ; 3.06e-10 s                 ; 3.3e-10 s                  ; Yes                       ; Yes                       ;
; cu_regDest     ; 2.5 V        ; 0 s                 ; 0 s                 ; 2.32 V                       ; 5.95e-09 V                   ; 2.38 V              ; -0.016 V            ; 0.22 V                               ; 0.025 V                              ; 3.06e-10 s                  ; 3.3e-10 s                   ; Yes                        ; Yes                        ; 2.32 V                      ; 5.95e-09 V                  ; 2.38 V             ; -0.016 V           ; 0.22 V                              ; 0.025 V                             ; 3.06e-10 s                 ; 3.3e-10 s                  ; Yes                       ; Yes                       ;
; cu_memtoReg    ; 2.5 V        ; 0 s                 ; 0 s                 ; 2.32 V                       ; 5.95e-09 V                   ; 2.38 V              ; -0.016 V            ; 0.22 V                               ; 0.025 V                              ; 3.06e-10 s                  ; 3.3e-10 s                   ; Yes                        ; Yes                        ; 2.32 V                      ; 5.95e-09 V                  ; 2.38 V             ; -0.016 V           ; 0.22 V                              ; 0.025 V                             ; 3.06e-10 s                 ; 3.3e-10 s                  ; Yes                       ; Yes                       ;
; cu_Jump        ; 2.5 V        ; 0 s                 ; 0 s                 ; 2.32 V                       ; 4.44e-09 V                   ; 2.39 V              ; -0.0265 V           ; 0.2 V                                ; 0.033 V                              ; 2.94e-10 s                  ; 3.12e-10 s                  ; Yes                        ; Yes                        ; 2.32 V                      ; 4.44e-09 V                  ; 2.39 V             ; -0.0265 V          ; 0.2 V                               ; 0.033 V                             ; 2.94e-10 s                 ; 3.12e-10 s                 ; Yes                       ; Yes                       ;
; cu_inSignal    ; 2.5 V        ; 0 s                 ; 0 s                 ; 2.32 V                       ; 4.44e-09 V                   ; 2.39 V              ; -0.0265 V           ; 0.2 V                                ; 0.033 V                              ; 2.94e-10 s                  ; 3.12e-10 s                  ; Yes                        ; Yes                        ; 2.32 V                      ; 4.44e-09 V                  ; 2.39 V             ; -0.0265 V          ; 0.2 V                               ; 0.033 V                             ; 2.94e-10 s                 ; 3.12e-10 s                 ; Yes                       ; Yes                       ;
; cu_aluScr      ; 2.5 V        ; 0 s                 ; 0 s                 ; 2.32 V                       ; 4.44e-09 V                   ; 2.39 V              ; -0.0265 V           ; 0.2 V                                ; 0.033 V                              ; 2.94e-10 s                  ; 3.12e-10 s                  ; Yes                        ; Yes                        ; 2.32 V                      ; 4.44e-09 V                  ; 2.39 V             ; -0.0265 V          ; 0.2 V                               ; 0.033 V                             ; 2.94e-10 s                 ; 3.12e-10 s                 ; Yes                       ; Yes                       ;
; cu_writeEnable ; 2.5 V        ; 0 s                 ; 0 s                 ; 2.32 V                       ; 5.95e-09 V                   ; 2.38 V              ; -0.016 V            ; 0.22 V                               ; 0.025 V                              ; 3.06e-10 s                  ; 3.3e-10 s                   ; Yes                        ; Yes                        ; 2.32 V                      ; 5.95e-09 V                  ; 2.38 V             ; -0.016 V           ; 0.22 V                              ; 0.025 V                             ; 3.06e-10 s                 ; 3.3e-10 s                  ; Yes                       ; Yes                       ;
; cu_readEnable  ; 2.5 V        ; 0 s                 ; 0 s                 ; 2.32 V                       ; 5.95e-09 V                   ; 2.38 V              ; -0.016 V            ; 0.22 V                               ; 0.025 V                              ; 3.06e-10 s                  ; 3.3e-10 s                   ; Yes                        ; Yes                        ; 2.32 V                      ; 5.95e-09 V                  ; 2.38 V             ; -0.016 V           ; 0.22 V                              ; 0.025 V                             ; 3.06e-10 s                 ; 3.3e-10 s                  ; Yes                       ; Yes                       ;
; cu_Branch      ; 2.5 V        ; 0 s                 ; 0 s                 ; 2.32 V                       ; 4.44e-09 V                   ; 2.33 V              ; -0.00624 V          ; 0.185 V                              ; 0.097 V                              ; 2.82e-09 s                  ; 2.56e-09 s                  ; No                         ; Yes                        ; 2.32 V                      ; 4.44e-09 V                  ; 2.33 V             ; -0.00624 V         ; 0.185 V                             ; 0.097 V                             ; 2.82e-09 s                 ; 2.56e-09 s                 ; No                        ; Yes                       ;
; cu_aluOp       ; 2.5 V        ; 0 s                 ; 0 s                 ; 2.32 V                       ; 5.95e-09 V                   ; 2.33 V              ; -0.00616 V          ; 0.191 V                              ; 0.099 V                              ; 2.83e-09 s                  ; 2.56e-09 s                  ; No                         ; Yes                        ; 2.32 V                      ; 5.95e-09 V                  ; 2.33 V             ; -0.00616 V         ; 0.191 V                             ; 0.099 V                             ; 2.83e-09 s                 ; 2.56e-09 s                 ; No                        ; Yes                       ;
; cu_hlt         ; 2.5 V        ; 0 s                 ; 0 s                 ; 2.32 V                       ; 5.95e-09 V                   ; 2.38 V              ; -0.016 V            ; 0.22 V                               ; 0.025 V                              ; 3.06e-10 s                  ; 3.3e-10 s                   ; Yes                        ; Yes                        ; 2.32 V                      ; 5.95e-09 V                  ; 2.38 V             ; -0.016 V           ; 0.22 V                              ; 0.025 V                             ; 3.06e-10 s                 ; 3.3e-10 s                  ; Yes                       ; Yes                       ;
; cu_reset       ; 2.5 V        ; 0 s                 ; 0 s                 ; 2.32 V                       ; 5.95e-09 V                   ; 2.38 V              ; -0.016 V            ; 0.22 V                               ; 0.025 V                              ; 3.06e-10 s                  ; 3.3e-10 s                   ; Yes                        ; Yes                        ; 2.32 V                      ; 5.95e-09 V                  ; 2.38 V             ; -0.016 V           ; 0.22 V                              ; 0.025 V                             ; 3.06e-10 s                 ; 3.3e-10 s                  ; Yes                       ; Yes                       ;
; ~ALTERA_DCLK~  ; 2.5 V        ; 0 s                 ; 0 s                 ; 2.32 V                       ; 3.45e-09 V                   ; 2.38 V              ; -0.0609 V           ; 0.148 V                              ; 0.095 V                              ; 2.82e-10 s                  ; 2.59e-10 s                  ; Yes                        ; Yes                        ; 2.32 V                      ; 3.45e-09 V                  ; 2.38 V             ; -0.0609 V          ; 0.148 V                             ; 0.095 V                             ; 2.82e-10 s                 ; 2.59e-10 s                 ; Yes                       ; Yes                       ;
; ~ALTERA_nCEO~  ; 2.5 V        ; 0 s                 ; 0 s                 ; 2.32 V                       ; 5.61e-09 V                   ; 2.38 V              ; -0.00274 V          ; 0.141 V                              ; 0.006 V                              ; 4.7e-10 s                   ; 6.02e-10 s                  ; Yes                        ; Yes                        ; 2.32 V                      ; 5.61e-09 V                  ; 2.38 V             ; -0.00274 V         ; 0.141 V                             ; 0.006 V                             ; 4.7e-10 s                  ; 6.02e-10 s                 ; Yes                       ; Yes                       ;
+----------------+--------------+---------------------+---------------------+------------------------------+------------------------------+---------------------+---------------------+--------------------------------------+--------------------------------------+-----------------------------+-----------------------------+----------------------------+----------------------------+-----------------------------+-----------------------------+--------------------+--------------------+-------------------------------------+-------------------------------------+----------------------------+----------------------------+---------------------------+---------------------------+


+---------------------------------------------------------------------------------------------------------------------------------------------------------------------------------------------------------------------------------------------------------------------------------------------------------------------------------------------------------------------------------------------------------------------------------------------------------------------------------------------------------------------------------------------------------------------------------------------------------------------------------------------------------------------------------------------+
; Signal Integrity Metrics (Slow 1200mv 85c Model)                                                                                                                                                                                                                                                                                                                                                                                                                                                                                                                                                                                                                                            ;
+----------------+--------------+---------------------+---------------------+------------------------------+------------------------------+---------------------+---------------------+--------------------------------------+--------------------------------------+-----------------------------+-----------------------------+----------------------------+----------------------------+-----------------------------+-----------------------------+--------------------+--------------------+-------------------------------------+-------------------------------------+----------------------------+----------------------------+---------------------------+---------------------------+
; Pin            ; I/O Standard ; Board Delay on Rise ; Board Delay on Fall ; Steady State Voh at FPGA Pin ; Steady State Vol at FPGA Pin ; Voh Max at FPGA Pin ; Vol Min at FPGA Pin ; Ringback Voltage on Rise at FPGA Pin ; Ringback Voltage on Fall at FPGA Pin ; 10-90 Rise Time at FPGA Pin ; 90-10 Fall Time at FPGA Pin ; Monotonic Rise at FPGA Pin ; Monotonic Fall at FPGA Pin ; Steady State Voh at Far-end ; Steady State Vol at Far-end ; Voh Max at Far-end ; Vol Min at Far-end ; Ringback Voltage on Rise at Far-end ; Ringback Voltage on Fall at Far-end ; 10-90 Rise Time at Far-end ; 90-10 Fall Time at Far-end ; Monotonic Rise at Far-end ; Monotonic Fall at Far-end ;
+----------------+--------------+---------------------+---------------------+------------------------------+------------------------------+---------------------+---------------------+--------------------------------------+--------------------------------------+-----------------------------+-----------------------------+----------------------------+----------------------------+-----------------------------+-----------------------------+--------------------+--------------------+-------------------------------------+-------------------------------------+----------------------------+----------------------------+---------------------------+---------------------------+
; cu_writeReg    ; 2.5 V        ; 0 s                 ; 0 s                 ; 2.32 V                       ; 1.06e-06 V                   ; 2.36 V              ; -0.00724 V          ; 0.107 V                              ; 0.02 V                               ; 4.5e-10 s                   ; 4.25e-10 s                  ; Yes                        ; Yes                        ; 2.32 V                      ; 1.06e-06 V                  ; 2.36 V             ; -0.00724 V         ; 0.107 V                             ; 0.02 V                              ; 4.5e-10 s                  ; 4.25e-10 s                 ; Yes                       ; Yes                       ;
; cu_regDest     ; 2.5 V        ; 0 s                 ; 0 s                 ; 2.32 V                       ; 1.06e-06 V                   ; 2.36 V              ; -0.00724 V          ; 0.107 V                              ; 0.02 V                               ; 4.5e-10 s                   ; 4.25e-10 s                  ; Yes                        ; Yes                        ; 2.32 V                      ; 1.06e-06 V                  ; 2.36 V             ; -0.00724 V         ; 0.107 V                             ; 0.02 V                              ; 4.5e-10 s                  ; 4.25e-10 s                 ; Yes                       ; Yes                       ;
; cu_memtoReg    ; 2.5 V        ; 0 s                 ; 0 s                 ; 2.32 V                       ; 1.06e-06 V                   ; 2.36 V              ; -0.00724 V          ; 0.107 V                              ; 0.02 V                               ; 4.5e-10 s                   ; 4.25e-10 s                  ; Yes                        ; Yes                        ; 2.32 V                      ; 1.06e-06 V                  ; 2.36 V             ; -0.00724 V         ; 0.107 V                             ; 0.02 V                              ; 4.5e-10 s                  ; 4.25e-10 s                 ; Yes                       ; Yes                       ;
; cu_Jump        ; 2.5 V        ; 0 s                 ; 0 s                 ; 2.32 V                       ; 7.16e-07 V                   ; 2.36 V              ; -0.00476 V          ; 0.096 V                              ; 0.013 V                              ; 4.39e-10 s                  ; 4.15e-10 s                  ; Yes                        ; Yes                        ; 2.32 V                      ; 7.16e-07 V                  ; 2.36 V             ; -0.00476 V         ; 0.096 V                             ; 0.013 V                             ; 4.39e-10 s                 ; 4.15e-10 s                 ; Yes                       ; Yes                       ;
; cu_inSignal    ; 2.5 V        ; 0 s                 ; 0 s                 ; 2.32 V                       ; 7.16e-07 V                   ; 2.36 V              ; -0.00476 V          ; 0.096 V                              ; 0.013 V                              ; 4.39e-10 s                  ; 4.15e-10 s                  ; Yes                        ; Yes                        ; 2.32 V                      ; 7.16e-07 V                  ; 2.36 V             ; -0.00476 V         ; 0.096 V                             ; 0.013 V                             ; 4.39e-10 s                 ; 4.15e-10 s                 ; Yes                       ; Yes                       ;
; cu_aluScr      ; 2.5 V        ; 0 s                 ; 0 s                 ; 2.32 V                       ; 7.16e-07 V                   ; 2.36 V              ; -0.00476 V          ; 0.096 V                              ; 0.013 V                              ; 4.39e-10 s                  ; 4.15e-10 s                  ; Yes                        ; Yes                        ; 2.32 V                      ; 7.16e-07 V                  ; 2.36 V             ; -0.00476 V         ; 0.096 V                             ; 0.013 V                             ; 4.39e-10 s                 ; 4.15e-10 s                 ; Yes                       ; Yes                       ;
; cu_writeEnable ; 2.5 V        ; 0 s                 ; 0 s                 ; 2.32 V                       ; 1.06e-06 V                   ; 2.36 V              ; -0.00724 V          ; 0.107 V                              ; 0.02 V                               ; 4.5e-10 s                   ; 4.25e-10 s                  ; Yes                        ; Yes                        ; 2.32 V                      ; 1.06e-06 V                  ; 2.36 V             ; -0.00724 V         ; 0.107 V                             ; 0.02 V                              ; 4.5e-10 s                  ; 4.25e-10 s                 ; Yes                       ; Yes                       ;
; cu_readEnable  ; 2.5 V        ; 0 s                 ; 0 s                 ; 2.32 V                       ; 1.06e-06 V                   ; 2.36 V              ; -0.00724 V          ; 0.107 V                              ; 0.02 V                               ; 4.5e-10 s                   ; 4.25e-10 s                  ; Yes                        ; Yes                        ; 2.32 V                      ; 1.06e-06 V                  ; 2.36 V             ; -0.00724 V         ; 0.107 V                             ; 0.02 V                              ; 4.5e-10 s                  ; 4.25e-10 s                 ; Yes                       ; Yes                       ;
; cu_Branch      ; 2.5 V        ; 0 s                 ; 0 s                 ; 2.32 V                       ; 7.16e-07 V                   ; 2.33 V              ; -0.00349 V          ; 0.163 V                              ; 0.074 V                              ; 3.33e-09 s                  ; 3.14e-09 s                  ; Yes                        ; Yes                        ; 2.32 V                      ; 7.16e-07 V                  ; 2.33 V             ; -0.00349 V         ; 0.163 V                             ; 0.074 V                             ; 3.33e-09 s                 ; 3.14e-09 s                 ; Yes                       ; Yes                       ;
; cu_aluOp       ; 2.5 V        ; 0 s                 ; 0 s                 ; 2.32 V                       ; 1.06e-06 V                   ; 2.33 V              ; -0.00344 V          ; 0.134 V                              ; 0.075 V                              ; 3.33e-09 s                  ; 3.16e-09 s                  ; Yes                        ; Yes                        ; 2.32 V                      ; 1.06e-06 V                  ; 2.33 V             ; -0.00344 V         ; 0.134 V                             ; 0.075 V                             ; 3.33e-09 s                 ; 3.16e-09 s                 ; Yes                       ; Yes                       ;
; cu_hlt         ; 2.5 V        ; 0 s                 ; 0 s                 ; 2.32 V                       ; 1.06e-06 V                   ; 2.36 V              ; -0.00724 V          ; 0.107 V                              ; 0.02 V                               ; 4.5e-10 s                   ; 4.25e-10 s                  ; Yes                        ; Yes                        ; 2.32 V                      ; 1.06e-06 V                  ; 2.36 V             ; -0.00724 V         ; 0.107 V                             ; 0.02 V                              ; 4.5e-10 s                  ; 4.25e-10 s                 ; Yes                       ; Yes                       ;
; cu_reset       ; 2.5 V        ; 0 s                 ; 0 s                 ; 2.32 V                       ; 1.06e-06 V                   ; 2.36 V              ; -0.00724 V          ; 0.107 V                              ; 0.02 V                               ; 4.5e-10 s                   ; 4.25e-10 s                  ; Yes                        ; Yes                        ; 2.32 V                      ; 1.06e-06 V                  ; 2.36 V             ; -0.00724 V         ; 0.107 V                             ; 0.02 V                              ; 4.5e-10 s                  ; 4.25e-10 s                 ; Yes                       ; Yes                       ;
; ~ALTERA_DCLK~  ; 2.5 V        ; 0 s                 ; 0 s                 ; 2.32 V                       ; 5.74e-07 V                   ; 2.36 V              ; -0.0201 V           ; 0.072 V                              ; 0.033 V                              ; 4.04e-10 s                  ; 3.29e-10 s                  ; Yes                        ; Yes                        ; 2.32 V                      ; 5.74e-07 V                  ; 2.36 V             ; -0.0201 V          ; 0.072 V                             ; 0.033 V                             ; 4.04e-10 s                 ; 3.29e-10 s                 ; Yes                       ; Yes                       ;
; ~ALTERA_nCEO~  ; 2.5 V        ; 0 s                 ; 0 s                 ; 2.32 V                       ; 9.45e-07 V                   ; 2.35 V              ; -0.00643 V          ; 0.081 V                              ; 0.031 V                              ; 5.31e-10 s                  ; 7.59e-10 s                  ; Yes                        ; Yes                        ; 2.32 V                      ; 9.45e-07 V                  ; 2.35 V             ; -0.00643 V         ; 0.081 V                             ; 0.031 V                             ; 5.31e-10 s                 ; 7.59e-10 s                 ; Yes                       ; Yes                       ;
+----------------+--------------+---------------------+---------------------+------------------------------+------------------------------+---------------------+---------------------+--------------------------------------+--------------------------------------+-----------------------------+-----------------------------+----------------------------+----------------------------+-----------------------------+-----------------------------+--------------------+--------------------+-------------------------------------+-------------------------------------+----------------------------+----------------------------+---------------------------+---------------------------+


+---------------------------------------------------------------------------------------------------------------------------------------------------------------------------------------------------------------------------------------------------------------------------------------------------------------------------------------------------------------------------------------------------------------------------------------------------------------------------------------------------------------------------------------------------------------------------------------------------------------------------------------------------------------------------------------------+
; Signal Integrity Metrics (Fast 1200mv 0c Model)                                                                                                                                                                                                                                                                                                                                                                                                                                                                                                                                                                                                                                             ;
+----------------+--------------+---------------------+---------------------+------------------------------+------------------------------+---------------------+---------------------+--------------------------------------+--------------------------------------+-----------------------------+-----------------------------+----------------------------+----------------------------+-----------------------------+-----------------------------+--------------------+--------------------+-------------------------------------+-------------------------------------+----------------------------+----------------------------+---------------------------+---------------------------+
; Pin            ; I/O Standard ; Board Delay on Rise ; Board Delay on Fall ; Steady State Voh at FPGA Pin ; Steady State Vol at FPGA Pin ; Voh Max at FPGA Pin ; Vol Min at FPGA Pin ; Ringback Voltage on Rise at FPGA Pin ; Ringback Voltage on Fall at FPGA Pin ; 10-90 Rise Time at FPGA Pin ; 90-10 Fall Time at FPGA Pin ; Monotonic Rise at FPGA Pin ; Monotonic Fall at FPGA Pin ; Steady State Voh at Far-end ; Steady State Vol at Far-end ; Voh Max at Far-end ; Vol Min at Far-end ; Ringback Voltage on Rise at Far-end ; Ringback Voltage on Fall at Far-end ; 10-90 Rise Time at Far-end ; 90-10 Fall Time at Far-end ; Monotonic Rise at Far-end ; Monotonic Fall at Far-end ;
+----------------+--------------+---------------------+---------------------+------------------------------+------------------------------+---------------------+---------------------+--------------------------------------+--------------------------------------+-----------------------------+-----------------------------+----------------------------+----------------------------+-----------------------------+-----------------------------+--------------------+--------------------+-------------------------------------+-------------------------------------+----------------------------+----------------------------+---------------------------+---------------------------+
; cu_writeReg    ; 2.5 V        ; 0 s                 ; 0 s                 ; 2.62 V                       ; 4.05e-08 V                   ; 2.72 V              ; -0.0349 V           ; 0.173 V                              ; 0.1 V                                ; 2.72e-10 s                  ; 2.69e-10 s                  ; Yes                        ; Yes                        ; 2.62 V                      ; 4.05e-08 V                  ; 2.72 V             ; -0.0349 V          ; 0.173 V                             ; 0.1 V                               ; 2.72e-10 s                 ; 2.69e-10 s                 ; Yes                       ; Yes                       ;
; cu_regDest     ; 2.5 V        ; 0 s                 ; 0 s                 ; 2.62 V                       ; 4.05e-08 V                   ; 2.72 V              ; -0.0349 V           ; 0.173 V                              ; 0.1 V                                ; 2.72e-10 s                  ; 2.69e-10 s                  ; Yes                        ; Yes                        ; 2.62 V                      ; 4.05e-08 V                  ; 2.72 V             ; -0.0349 V          ; 0.173 V                             ; 0.1 V                               ; 2.72e-10 s                 ; 2.69e-10 s                 ; Yes                       ; Yes                       ;
; cu_memtoReg    ; 2.5 V        ; 0 s                 ; 0 s                 ; 2.62 V                       ; 4.05e-08 V                   ; 2.72 V              ; -0.0349 V           ; 0.173 V                              ; 0.1 V                                ; 2.72e-10 s                  ; 2.69e-10 s                  ; Yes                        ; Yes                        ; 2.62 V                      ; 4.05e-08 V                  ; 2.72 V             ; -0.0349 V          ; 0.173 V                             ; 0.1 V                               ; 2.72e-10 s                 ; 2.69e-10 s                 ; Yes                       ; Yes                       ;
; cu_Jump        ; 2.5 V        ; 0 s                 ; 0 s                 ; 2.62 V                       ; 2.74e-08 V                   ; 2.73 V              ; -0.0384 V           ; 0.169 V                              ; 0.089 V                              ; 2.7e-10 s                   ; 2.62e-10 s                  ; Yes                        ; Yes                        ; 2.62 V                      ; 2.74e-08 V                  ; 2.73 V             ; -0.0384 V          ; 0.169 V                             ; 0.089 V                             ; 2.7e-10 s                  ; 2.62e-10 s                 ; Yes                       ; Yes                       ;
; cu_inSignal    ; 2.5 V        ; 0 s                 ; 0 s                 ; 2.62 V                       ; 2.74e-08 V                   ; 2.73 V              ; -0.0384 V           ; 0.169 V                              ; 0.089 V                              ; 2.7e-10 s                   ; 2.62e-10 s                  ; Yes                        ; Yes                        ; 2.62 V                      ; 2.74e-08 V                  ; 2.73 V             ; -0.0384 V          ; 0.169 V                             ; 0.089 V                             ; 2.7e-10 s                  ; 2.62e-10 s                 ; Yes                       ; Yes                       ;
; cu_aluScr      ; 2.5 V        ; 0 s                 ; 0 s                 ; 2.62 V                       ; 2.74e-08 V                   ; 2.73 V              ; -0.0384 V           ; 0.169 V                              ; 0.089 V                              ; 2.7e-10 s                   ; 2.62e-10 s                  ; Yes                        ; Yes                        ; 2.62 V                      ; 2.74e-08 V                  ; 2.73 V             ; -0.0384 V          ; 0.169 V                             ; 0.089 V                             ; 2.7e-10 s                  ; 2.62e-10 s                 ; Yes                       ; Yes                       ;
; cu_writeEnable ; 2.5 V        ; 0 s                 ; 0 s                 ; 2.62 V                       ; 4.05e-08 V                   ; 2.72 V              ; -0.0349 V           ; 0.173 V                              ; 0.1 V                                ; 2.72e-10 s                  ; 2.69e-10 s                  ; Yes                        ; Yes                        ; 2.62 V                      ; 4.05e-08 V                  ; 2.72 V             ; -0.0349 V          ; 0.173 V                             ; 0.1 V                               ; 2.72e-10 s                 ; 2.69e-10 s                 ; Yes                       ; Yes                       ;
; cu_readEnable  ; 2.5 V        ; 0 s                 ; 0 s                 ; 2.62 V                       ; 4.05e-08 V                   ; 2.72 V              ; -0.0349 V           ; 0.173 V                              ; 0.1 V                                ; 2.72e-10 s                  ; 2.69e-10 s                  ; Yes                        ; Yes                        ; 2.62 V                      ; 4.05e-08 V                  ; 2.72 V             ; -0.0349 V          ; 0.173 V                             ; 0.1 V                               ; 2.72e-10 s                 ; 2.69e-10 s                 ; Yes                       ; Yes                       ;
; cu_Branch      ; 2.5 V        ; 0 s                 ; 0 s                 ; 2.62 V                       ; 2.74e-08 V                   ; 2.64 V              ; -0.0117 V           ; 0.202 V                              ; 0.176 V                              ; 2.38e-09 s                  ; 2.22e-09 s                  ; No                         ; Yes                        ; 2.62 V                      ; 2.74e-08 V                  ; 2.64 V             ; -0.0117 V          ; 0.202 V                             ; 0.176 V                             ; 2.38e-09 s                 ; 2.22e-09 s                 ; No                        ; Yes                       ;
; cu_aluOp       ; 2.5 V        ; 0 s                 ; 0 s                 ; 2.62 V                       ; 4.05e-08 V                   ; 2.64 V              ; -0.0113 V           ; 0.208 V                              ; 0.179 V                              ; 2.38e-09 s                  ; 2.23e-09 s                  ; No                         ; Yes                        ; 2.62 V                      ; 4.05e-08 V                  ; 2.64 V             ; -0.0113 V          ; 0.208 V                             ; 0.179 V                             ; 2.38e-09 s                 ; 2.23e-09 s                 ; No                        ; Yes                       ;
; cu_hlt         ; 2.5 V        ; 0 s                 ; 0 s                 ; 2.62 V                       ; 4.05e-08 V                   ; 2.72 V              ; -0.0349 V           ; 0.173 V                              ; 0.1 V                                ; 2.72e-10 s                  ; 2.69e-10 s                  ; Yes                        ; Yes                        ; 2.62 V                      ; 4.05e-08 V                  ; 2.72 V             ; -0.0349 V          ; 0.173 V                             ; 0.1 V                               ; 2.72e-10 s                 ; 2.69e-10 s                 ; Yes                       ; Yes                       ;
; cu_reset       ; 2.5 V        ; 0 s                 ; 0 s                 ; 2.62 V                       ; 4.05e-08 V                   ; 2.72 V              ; -0.0349 V           ; 0.173 V                              ; 0.1 V                                ; 2.72e-10 s                  ; 2.69e-10 s                  ; Yes                        ; Yes                        ; 2.62 V                      ; 4.05e-08 V                  ; 2.72 V             ; -0.0349 V          ; 0.173 V                             ; 0.1 V                               ; 2.72e-10 s                 ; 2.69e-10 s                 ; Yes                       ; Yes                       ;
; ~ALTERA_DCLK~  ; 2.5 V        ; 0 s                 ; 0 s                 ; 2.62 V                       ; 2.22e-08 V                   ; 2.74 V              ; -0.06 V             ; 0.158 V                              ; 0.08 V                               ; 2.68e-10 s                  ; 2.19e-10 s                  ; Yes                        ; Yes                        ; 2.62 V                      ; 2.22e-08 V                  ; 2.74 V             ; -0.06 V            ; 0.158 V                             ; 0.08 V                              ; 2.68e-10 s                 ; 2.19e-10 s                 ; Yes                       ; Yes                       ;
; ~ALTERA_nCEO~  ; 2.5 V        ; 0 s                 ; 0 s                 ; 2.62 V                       ; 3.54e-08 V                   ; 2.7 V               ; -0.00943 V          ; 0.276 V                              ; 0.035 V                              ; 3.19e-10 s                  ; 4.99e-10 s                  ; No                         ; Yes                        ; 2.62 V                      ; 3.54e-08 V                  ; 2.7 V              ; -0.00943 V         ; 0.276 V                             ; 0.035 V                             ; 3.19e-10 s                 ; 4.99e-10 s                 ; No                        ; Yes                       ;
+----------------+--------------+---------------------+---------------------+------------------------------+------------------------------+---------------------+---------------------+--------------------------------------+--------------------------------------+-----------------------------+-----------------------------+----------------------------+----------------------------+-----------------------------+-----------------------------+--------------------+--------------------+-------------------------------------+-------------------------------------+----------------------------+----------------------------+---------------------------+---------------------------+


+--------------------------------------------------------------------+
; Setup Transfers                                                    ;
+------------+-----------+----------+----------+----------+----------+
; From Clock ; To Clock  ; RR Paths ; FR Paths ; RF Paths ; FF Paths ;
+------------+-----------+----------+----------+----------+----------+
; opcode[1]  ; opcode[1] ; 11       ; 11       ; 0        ; 0        ;
+------------+-----------+----------+----------+----------+----------+
Entries labeled "false path" only account for clock-to-clock false paths and not path-based false paths. As a result, actual path counts may be lower than reported.


+--------------------------------------------------------------------+
; Hold Transfers                                                     ;
+------------+-----------+----------+----------+----------+----------+
; From Clock ; To Clock  ; RR Paths ; FR Paths ; RF Paths ; FF Paths ;
+------------+-----------+----------+----------+----------+----------+
; opcode[1]  ; opcode[1] ; 11       ; 11       ; 0        ; 0        ;
+------------+-----------+----------+----------+----------+----------+
Entries labeled "false path" only account for clock-to-clock false paths and not path-based false paths. As a result, actual path counts may be lower than reported.


---------------
; Report TCCS ;
---------------
No dedicated SERDES Transmitter circuitry present in device or used in design


---------------
; Report RSKM ;
---------------
No non-DPA dedicated SERDES Receiver circuitry present in device or used in design


+------------------------------------------------+
; Unconstrained Paths Summary                    ;
+---------------------------------+-------+------+
; Property                        ; Setup ; Hold ;
+---------------------------------+-------+------+
; Illegal Clocks                  ; 0     ; 0    ;
; Unconstrained Clocks            ; 0     ; 0    ;
; Unconstrained Input Ports       ; 5     ; 5    ;
; Unconstrained Input Port Paths  ; 49    ; 49   ;
; Unconstrained Output Ports      ; 12    ; 12   ;
; Unconstrained Output Port Paths ; 12    ; 12   ;
+---------------------------------+-------+------+


+--------------------------------------------+
; Clock Status Summary                       ;
+-----------+-----------+------+-------------+
; Target    ; Clock     ; Type ; Status      ;
+-----------+-----------+------+-------------+
; opcode[1] ; opcode[1] ; Base ; Constrained ;
+-----------+-----------+------+-------------+


+---------------------------------------------------------------------------------------------------+
; Unconstrained Input Ports                                                                         ;
+------------+--------------------------------------------------------------------------------------+
; Input Port ; Comment                                                                              ;
+------------+--------------------------------------------------------------------------------------+
; opcode[0]  ; No input delay, min/max delays, false-path exceptions, or max skew assignments found ;
; opcode[2]  ; No input delay, min/max delays, false-path exceptions, or max skew assignments found ;
; opcode[3]  ; No input delay, min/max delays, false-path exceptions, or max skew assignments found ;
; opcode[4]  ; No input delay, min/max delays, false-path exceptions, or max skew assignments found ;
; opcode[5]  ; No input delay, min/max delays, false-path exceptions, or max skew assignments found ;
+------------+--------------------------------------------------------------------------------------+


+--------------------------------------------------------------------------------------------------------+
; Unconstrained Output Ports                                                                             ;
+----------------+---------------------------------------------------------------------------------------+
; Output Port    ; Comment                                                                               ;
+----------------+---------------------------------------------------------------------------------------+
; cu_Branch      ; No output delay, min/max delays, false-path exceptions, or max skew assignments found ;
; cu_Jump        ; No output delay, min/max delays, false-path exceptions, or max skew assignments found ;
; cu_aluOp       ; No output delay, min/max delays, false-path exceptions, or max skew assignments found ;
; cu_aluScr      ; No output delay, min/max delays, false-path exceptions, or max skew assignments found ;
; cu_hlt         ; No output delay, min/max delays, false-path exceptions, or max skew assignments found ;
; cu_inSignal    ; No output delay, min/max delays, false-path exceptions, or max skew assignments found ;
; cu_memtoReg    ; No output delay, min/max delays, false-path exceptions, or max skew assignments found ;
; cu_readEnable  ; No output delay, min/max delays, false-path exceptions, or max skew assignments found ;
; cu_regDest     ; No output delay, min/max delays, false-path exceptions, or max skew assignments found ;
; cu_reset       ; No output delay, min/max delays, false-path exceptions, or max skew assignments found ;
; cu_writeEnable ; No output delay, min/max delays, false-path exceptions, or max skew assignments found ;
; cu_writeReg    ; No output delay, min/max delays, false-path exceptions, or max skew assignments found ;
+----------------+---------------------------------------------------------------------------------------+


+---------------------------------------------------------------------------------------------------+
; Unconstrained Input Ports                                                                         ;
+------------+--------------------------------------------------------------------------------------+
; Input Port ; Comment                                                                              ;
+------------+--------------------------------------------------------------------------------------+
; opcode[0]  ; No input delay, min/max delays, false-path exceptions, or max skew assignments found ;
; opcode[2]  ; No input delay, min/max delays, false-path exceptions, or max skew assignments found ;
; opcode[3]  ; No input delay, min/max delays, false-path exceptions, or max skew assignments found ;
; opcode[4]  ; No input delay, min/max delays, false-path exceptions, or max skew assignments found ;
; opcode[5]  ; No input delay, min/max delays, false-path exceptions, or max skew assignments found ;
+------------+--------------------------------------------------------------------------------------+


+--------------------------------------------------------------------------------------------------------+
; Unconstrained Output Ports                                                                             ;
+----------------+---------------------------------------------------------------------------------------+
; Output Port    ; Comment                                                                               ;
+----------------+---------------------------------------------------------------------------------------+
; cu_Branch      ; No output delay, min/max delays, false-path exceptions, or max skew assignments found ;
; cu_Jump        ; No output delay, min/max delays, false-path exceptions, or max skew assignments found ;
; cu_aluOp       ; No output delay, min/max delays, false-path exceptions, or max skew assignments found ;
; cu_aluScr      ; No output delay, min/max delays, false-path exceptions, or max skew assignments found ;
; cu_hlt         ; No output delay, min/max delays, false-path exceptions, or max skew assignments found ;
; cu_inSignal    ; No output delay, min/max delays, false-path exceptions, or max skew assignments found ;
; cu_memtoReg    ; No output delay, min/max delays, false-path exceptions, or max skew assignments found ;
; cu_readEnable  ; No output delay, min/max delays, false-path exceptions, or max skew assignments found ;
; cu_regDest     ; No output delay, min/max delays, false-path exceptions, or max skew assignments found ;
; cu_reset       ; No output delay, min/max delays, false-path exceptions, or max skew assignments found ;
; cu_writeEnable ; No output delay, min/max delays, false-path exceptions, or max skew assignments found ;
; cu_writeReg    ; No output delay, min/max delays, false-path exceptions, or max skew assignments found ;
+----------------+---------------------------------------------------------------------------------------+


+------------------------------------+
; TimeQuest Timing Analyzer Messages ;
+------------------------------------+
Info: *******************************************************************
Info: Running Quartus Prime TimeQuest Timing Analyzer
    Info: Version 16.1.0 Build 196 10/24/2016 SJ Lite Edition
    Info: Processing started: Tue Jun 06 23:37:45 2017
Info: Command: quartus_sta bbtronenhanced -c bbtronenhanced
Info: qsta_default_script.tcl version: #1
Warning (18236): Number of processors has not been specified which may cause overloading on shared machines.  Set the global assignment NUM_PARALLEL_PROCESSORS in your QSF to an appropriate value for best performance.
Info (20030): Parallel compilation is enabled and will use 4 of the 4 processors detected
Info (21076): High junction temperature operating condition is not set. Assuming a default value of '85'.
Info (21076): Low junction temperature operating condition is not set. Assuming a default value of '0'.
Warning (335093): TimeQuest Timing Analyzer is analyzing 10 combinational loops as latches. For more details, run the Check Timing command in the TimeQuest Timing Analyzer or view the "User-Specified and Inferred Latches" table in the Analysis & Synthesis report.
Critical Warning (332012): Synopsys Design Constraints File file not found: 'bbtronenhanced.sdc'. A Synopsys Design Constraints File is required by the TimeQuest Timing Analyzer to get proper timing constraints. Without it, the Compiler will not properly optimize the design.
Info (332142): No user constrained base clocks found in the design. Calling "derive_clocks -period 1.0"
Info (332105): Deriving Clocks
    Info (332105): create_clock -period 1.000 -name opcode[1] opcode[1]
Info (332143): No user constrained clock uncertainty found in the design. Calling "derive_clock_uncertainty"
Info (332123): Deriving Clock Uncertainty. Please refer to report_sdc in TimeQuest to see clock uncertainties.
Info: Found TIMEQUEST_REPORT_SCRIPT_INCLUDE_DEFAULT_ANALYSIS = ON
Info: Analyzing Slow 1200mV 85C Model
Critical Warning (332148): Timing requirements not met
    Info (11105): For recommendations on closing timing, run Report Timing Closure Recommendations in the TimeQuest Timing Analyzer.
Info (332146): Worst-case setup slack is -1.197
    Info (332119):     Slack       End Point TNS Clock 
    Info (332119): ========= =================== =====================
    Info (332119):    -1.197              -9.417 opcode[1] 
Info (332146): Worst-case hold slack is 0.003
    Info (332119):     Slack       End Point TNS Clock 
    Info (332119): ========= =================== =====================
    Info (332119):     0.003               0.000 opcode[1] 
Info (332140): No Recovery paths to report
Info (332140): No Removal paths to report
Info (332146): Worst-case minimum pulse width slack is -3.000
    Info (332119):     Slack       End Point TNS Clock 
    Info (332119): ========= =================== =====================
    Info (332119):    -3.000              -3.000 opcode[1] 
Info: Analyzing Slow 1200mV 0C Model
Info (334003): Started post-fitting delay annotation
Info (334004): Delay annotation completed successfully
Info (332123): Deriving Clock Uncertainty. Please refer to report_sdc in TimeQuest to see clock uncertainties.
Critical Warning (332148): Timing requirements not met
    Info (11105): For recommendations on closing timing, run Report Timing Closure Recommendations in the TimeQuest Timing Analyzer.
Info (332146): Worst-case setup slack is -0.981
    Info (332119):     Slack       End Point TNS Clock 
    Info (332119): ========= =================== =====================
    Info (332119):    -0.981              -7.502 opcode[1] 
Info (332146): Worst-case hold slack is -0.007
    Info (332119):     Slack       End Point TNS Clock 
    Info (332119): ========= =================== =====================
    Info (332119):    -0.007              -0.007 opcode[1] 
Info (332140): No Recovery paths to report
Info (332140): No Removal paths to report
Info (332146): Worst-case minimum pulse width slack is -3.000
    Info (332119):     Slack       End Point TNS Clock 
    Info (332119): ========= =================== =====================
    Info (332119):    -3.000              -3.000 opcode[1] 
Info: Analyzing Fast 1200mV 0C Model
Info (332123): Deriving Clock Uncertainty. Please refer to report_sdc in TimeQuest to see clock uncertainties.
Critical Warning (332148): Timing requirements not met
    Info (11105): For recommendations on closing timing, run Report Timing Closure Recommendations in the TimeQuest Timing Analyzer.
Info (332146): Worst-case setup slack is -0.902
    Info (332119):     Slack       End Point TNS Clock 
    Info (332119): ========= =================== =====================
    Info (332119):    -0.902              -7.063 opcode[1] 
Info (332146): Worst-case hold slack is -0.001
    Info (332119):     Slack       End Point TNS Clock 
    Info (332119): ========= =================== =====================
    Info (332119):    -0.001              -0.001 opcode[1] 
Info (332140): No Recovery paths to report
Info (332140): No Removal paths to report
Info (332146): Worst-case minimum pulse width slack is -3.000
    Info (332119):     Slack       End Point TNS Clock 
    Info (332119): ========= =================== =====================
    Info (332119):    -3.000              -3.602 opcode[1] 
Info (332102): Design is not fully constrained for setup requirements
Info (332102): Design is not fully constrained for hold requirements
Info: Quartus Prime TimeQuest Timing Analyzer was successful. 0 errors, 6 warnings
    Info: Peak virtual memory: 628 megabytes
    Info: Processing ended: Tue Jun 06 23:37:47 2017
    Info: Elapsed time: 00:00:02
    Info: Total CPU time (on all processors): 00:00:02


