Flow report for bbtronenhanced
Tue Jun 26 19:57:06 2018
Quartus Prime Version 18.0.0 Build 614 04/24/2018 SJ Lite Edition


---------------------
; Table of Contents ;
---------------------
  1. Legal Notice
  2. Flow Summary
  3. Flow Settings
  4. Flow Non-Default Global Settings
  5. Flow Elapsed Time
  6. Flow OS Summary
  7. Flow Log
  8. Flow Messages
  9. Flow Suppressed Messages



----------------
; Legal Notice ;
----------------
Copyright (C) 2018  Intel Corporation. All rights reserved.
Your use of Intel Corporation's design tools, logic functions 
and other software and tools, and its AMPP partner logic 
functions, and any output files from any of the foregoing 
(including device programming or simulation files), and any 
associated documentation or information are expressly subject 
to the terms and conditions of the Intel Program License 
Subscription Agreement, the Intel Quartus Prime License Agreement,
the Intel FPGA IP License Agreement, or other applicable license
agreement, including, without limitation, that your use is for
the sole purpose of programming logic devices manufactured by
Intel and sold by Intel or its authorized distributors.  Please
refer to the applicable agreement for further details.



+----------------------------------------------------------------------------------+
; Flow Summary                                                                     ;
+------------------------------------+---------------------------------------------+
; Flow Status                        ; Successful - Tue Jun 26 19:57:06 2018       ;
; Quartus Prime Version              ; 18.0.0 Build 614 04/24/2018 SJ Lite Edition ;
; Revision Name                      ; bbtronenhanced                              ;
; Top-level Entity Name              ; bbtronenhancedCPU                           ;
; Family                             ; Cyclone IV E                                ;
; Device                             ; EP4CE115F29C7                               ;
; Timing Models                      ; Final                                       ;
; Total logic elements               ; 736 / 114,480 ( < 1 % )                     ;
;     Total combinational functions  ; 702 / 114,480 ( < 1 % )                     ;
;     Dedicated logic registers      ; 232 / 114,480 ( < 1 % )                     ;
; Total registers                    ; 232                                         ;
; Total pins                         ; 41 / 529 ( 8 % )                            ;
; Total virtual pins                 ; 0                                           ;
; Total memory bits                  ; 992 / 3,981,312 ( < 1 % )                   ;
; Embedded Multiplier 9-bit elements ; 0 / 532 ( 0 % )                             ;
; Total PLLs                         ; 0 / 4 ( 0 % )                               ;
+------------------------------------+---------------------------------------------+


+-----------------------------------------+
; Flow Settings                           ;
+-------------------+---------------------+
; Option            ; Setting             ;
+-------------------+---------------------+
; Start date & time ; 06/26/2018 19:51:58 ;
; Main task         ; Compilation         ;
; Revision Name     ; bbtronenhanced      ;
+-------------------+---------------------+


+--------------------------------------------------------------------------------------------------------------------------------+
; Flow Non-Default Global Settings                                                                                               ;
+-------------------------------------+----------------------------------------+----------------+-------------------+------------+
; Assignment Name                     ; Value                                  ; Default Value  ; Entity Name       ; Section Id ;
+-------------------------------------+----------------------------------------+----------------+-------------------+------------+
; COMPILER_SIGNATURE_ID               ; 246744092476722.153005351809856        ; --             ; --                ; --         ;
; MAX_CORE_JUNCTION_TEMP              ; 85                                     ; --             ; --                ; --         ;
; MIN_CORE_JUNCTION_TEMP              ; 0                                      ; --             ; --                ; --         ;
; PARTITION_COLOR                     ; -- (Not supported for targeted family) ; --             ; bbtronenhancedCPU ; Top        ;
; PARTITION_FITTER_PRESERVATION_LEVEL ; -- (Not supported for targeted family) ; --             ; bbtronenhancedCPU ; Top        ;
; PARTITION_NETLIST_TYPE              ; -- (Not supported for targeted family) ; --             ; bbtronenhancedCPU ; Top        ;
; PROJECT_OUTPUT_DIRECTORY            ; output_files                           ; --             ; --                ; --         ;
; TOP_LEVEL_ENTITY                    ; bbtronenhancedCPU                      ; bbtronenhanced ; --                ; --         ;
+-------------------------------------+----------------------------------------+----------------+-------------------+------------+


+--------------------------------------------------------------------------------------------------------------------------+
; Flow Elapsed Time                                                                                                        ;
+----------------------+--------------+-------------------------+---------------------+------------------------------------+
; Module Name          ; Elapsed Time ; Average Processors Used ; Peak Virtual Memory ; Total CPU Time (on all processors) ;
+----------------------+--------------+-------------------------+---------------------+------------------------------------+
; Analysis & Synthesis ; 00:00:21     ; 1.0                     ; 751 MB              ; 00:00:37                           ;
; Fitter               ; 00:00:22     ; 1.0                     ; 1667 MB             ; 00:00:35                           ;
; Assembler            ; 00:00:04     ; 1.0                     ; 612 MB              ; 00:00:04                           ;
; Timing Analyzer      ; 00:00:04     ; 1.1                     ; 777 MB              ; 00:00:03                           ;
; EDA Netlist Writer   ; 00:00:01     ; 1.0                     ; 562 MB              ; 00:00:01                           ;
; EDA Netlist Writer   ; 00:00:01     ; 1.0                     ; 570 MB              ; 00:00:01                           ;
; EDA Netlist Writer   ; 00:00:01     ; 1.0                     ; 560 MB              ; 00:00:01                           ;
; EDA Netlist Writer   ; 00:00:01     ; 1.0                     ; 570 MB              ; 00:00:01                           ;
; EDA Netlist Writer   ; 00:00:01     ; 1.0                     ; 560 MB              ; 00:00:01                           ;
; EDA Netlist Writer   ; 00:00:01     ; 1.0                     ; 572 MB              ; 00:00:01                           ;
; Total                ; 00:00:57     ; --                      ; --                  ; 00:01:25                           ;
+----------------------+--------------+-------------------------+---------------------+------------------------------------+


+------------------------------------------------------------------------------------+
; Flow OS Summary                                                                    ;
+----------------------+------------------+------------+------------+----------------+
; Module Name          ; Machine Hostname ; OS Name    ; OS Version ; Processor type ;
+----------------------+------------------+------------+------------+----------------+
; Analysis & Synthesis ; DESKTOP-BQP2PUH  ; Windows 10 ; 10.0       ; x86_64         ;
; Fitter               ; DESKTOP-BQP2PUH  ; Windows 10 ; 10.0       ; x86_64         ;
; Assembler            ; DESKTOP-BQP2PUH  ; Windows 10 ; 10.0       ; x86_64         ;
; Timing Analyzer      ; DESKTOP-BQP2PUH  ; Windows 10 ; 10.0       ; x86_64         ;
; EDA Netlist Writer   ; DESKTOP-BQP2PUH  ; Windows 10 ; 10.0       ; x86_64         ;
; EDA Netlist Writer   ; DESKTOP-BQP2PUH  ; Windows 10 ; 10.0       ; x86_64         ;
; EDA Netlist Writer   ; DESKTOP-BQP2PUH  ; Windows 10 ; 10.0       ; x86_64         ;
; EDA Netlist Writer   ; DESKTOP-BQP2PUH  ; Windows 10 ; 10.0       ; x86_64         ;
; EDA Netlist Writer   ; DESKTOP-BQP2PUH  ; Windows 10 ; 10.0       ; x86_64         ;
; EDA Netlist Writer   ; DESKTOP-BQP2PUH  ; Windows 10 ; 10.0       ; x86_64         ;
+----------------------+------------------+------------+------------+----------------+


------------
; Flow Log ;
------------
quartus_map --read_settings_files=on --write_settings_files=off bbtronenhanced -c bbtronenhanced
quartus_fit --read_settings_files=off --write_settings_files=off bbtronenhanced -c bbtronenhanced
quartus_asm --read_settings_files=off --write_settings_files=off bbtronenhanced -c bbtronenhanced
quartus_sta bbtronenhanced -c bbtronenhanced
quartus_eda --gen_testbench --tool=modelsim_oem --format=verilog --write_settings_files=off bbtronenhanced -c bbtronenhanced --vector_source=d:/Users/Pedro/Documents/GitHub/bbtron-enhanced/bbtronENHANCED/Waveform92.vwf --testbench_file=d:/Users/Pedro/Documents/GitHub/bbtron-enhanced/bbtronENHANCED/simulation/qsim/Waveform92.vwf.vt
quartus_eda --write_settings_files=off --simulation=on --functional=on --flatten_buses=off --tool=modelsim_oem --format=verilog --output_directory=d:/Users/Pedro/Documents/GitHub/bbtron-enhanced/bbtronENHANCED/simulation/qsim/ bbtronenhanced -c bbtronenhanced
quartus_eda --gen_testbench --tool=modelsim_oem --format=verilog --write_settings_files=off bbtronenhanced -c bbtronenhanced --vector_source=d:/Users/Pedro/Documents/GitHub/bbtron-enhanced/bbtronENHANCED/Waveform92.vwf --testbench_file=d:/Users/Pedro/Documents/GitHub/bbtron-enhanced/bbtronENHANCED/simulation/qsim/Waveform92.vwf.vt
quartus_eda --write_settings_files=off --simulation=on --functional=on --flatten_buses=off --tool=modelsim_oem --format=verilog --output_directory=d:/Users/Pedro/Documents/GitHub/bbtron-enhanced/bbtronENHANCED/simulation/qsim/ bbtronenhanced -c bbtronenhanced
quartus_eda --gen_testbench --tool=modelsim_oem --format=verilog --write_settings_files=off bbtronenhanced -c bbtronenhanced --vector_source=d:/Users/Pedro/Documents/GitHub/bbtron-enhanced/bbtronENHANCED/Waveform92.vwf --testbench_file=d:/Users/Pedro/Documents/GitHub/bbtron-enhanced/bbtronENHANCED/simulation/qsim/Waveform92.vwf.vt
quartus_eda --write_settings_files=off --simulation=on --functional=on --flatten_buses=off --tool=modelsim_oem --format=verilog --output_directory=d:/Users/Pedro/Documents/GitHub/bbtron-enhanced/bbtronENHANCED/simulation/qsim/ bbtronenhanced -c bbtronenhanced



