------------------------------------------------------------
Timing Analyzer Summary
------------------------------------------------------------

Type  : Slow 1200mV 85C Model Setup 'auto_clock'
Slack : -139.028
TNS   : -28633.320

Type  : Slow 1200mV 85C Model Setup 'timer:inst_timer|clock'
Slack : -0.327
TNS   : -0.652

Type  : Slow 1200mV 85C Model Hold 'auto_clock'
Slack : 0.388
TNS   : 0.000

Type  : Slow 1200mV 85C Model Hold 'timer:inst_timer|clock'
Slack : 0.432
TNS   : 0.000

Type  : Slow 1200mV 85C Model Minimum Pulse Width 'auto_clock'
Slack : -3.000
TNS   : -379.997

Type  : Slow 1200mV 85C Model Minimum Pulse Width 'timer:inst_timer|clock'
Slack : -1.285
TNS   : -2.570

Type  : Slow 1200mV 0C Model Setup 'auto_clock'
Slack : -125.611
TNS   : -25843.650

Type  : Slow 1200mV 0C Model Setup 'timer:inst_timer|clock'
Slack : -0.235
TNS   : -0.447

Type  : Slow 1200mV 0C Model Hold 'auto_clock'
Slack : 0.341
TNS   : 0.000

Type  : Slow 1200mV 0C Model Hold 'timer:inst_timer|clock'
Slack : 0.397
TNS   : 0.000

Type  : Slow 1200mV 0C Model Minimum Pulse Width 'auto_clock'
Slack : -3.000
TNS   : -379.821

Type  : Slow 1200mV 0C Model Minimum Pulse Width 'timer:inst_timer|clock'
Slack : -1.285
TNS   : -2.570

Type  : Fast 1200mV 0C Model Setup 'auto_clock'
Slack : -68.756
TNS   : -14115.865

Type  : Fast 1200mV 0C Model Setup 'timer:inst_timer|clock'
Slack : 0.252
TNS   : 0.000

Type  : Fast 1200mV 0C Model Hold 'auto_clock'
Slack : 0.171
TNS   : 0.000

Type  : Fast 1200mV 0C Model Hold 'timer:inst_timer|clock'
Slack : 0.190
TNS   : 0.000

Type  : Fast 1200mV 0C Model Minimum Pulse Width 'auto_clock'
Slack : -3.000
TNS   : -315.291

Type  : Fast 1200mV 0C Model Minimum Pulse Width 'timer:inst_timer|clock'
Slack : -1.000
TNS   : -2.000

------------------------------------------------------------
